Component: ARM Compiler 5.06 update 7 (build 960) Tool: armlink [4d3601]

==============================================================================

Section Cross References

    main.o(.text) refers to _printf_pad.o(.text) for _printf_pre_padding
    main.o(.text) refers to _printf_percent.o(.ARM.Collect$$_printf_percent$$00000000) for _printf_percent
    main.o(.text) refers to _printf_d.o(.ARM.Collect$$_printf_percent$$00000009) for _printf_d
    main.o(.text) refers to _printf_x.o(.ARM.Collect$$_printf_percent$$0000000C) for _printf_x
    main.o(.text) refers to _printf_dec.o(.text) for _printf_int_dec
    main.o(.text) refers to _printf_hex_int.o(.text) for _printf_longlong_hex
    main.o(.text) refers to _printf_f.o(.ARM.Collect$$_printf_percent$$00000003) for _printf_f
    main.o(.text) refers to printf1.o(x$fpl$printf1) for _printf_fp_dec
    main.o(.text) refers to stm32f10x_gpio.o(.text) for GPIO_Init
    main.o(.text) refers to misc.o(.text) for NVIC_PriorityGroupConfig
    main.o(.text) refers to system_stm32f10x.o(.text) for SystemInit
    main.o(.text) refers to stm32f10x_rcc.o(.text) for RCC_APB2PeriphClockCmd
    main.o(.text) refers to stm32f10x_can.o(.text) for CAN_Transmit
    main.o(.text) refers to noretval__2sprintf.o(.text) for __2sprintf
    main.o(.text) refers to uart.o(.text) for uart1_send_str
    main.o(.text) refers to delay.o(.text) for Delay_Init
    main.o(.text) refers to main.o(.bss) for message
    main.o(.text) refers to main.o(.data) for my_addr
    main.o(.text) refers to ads1256.o(.text) for ADS1256ReadData
    main.o(.text) refers to dflt_clz.o(x$fpl$dflt) for __aeabi_i2d
    main.o(.text) refers to dmul.o(x$fpl$dmul) for __aeabi_dmul
    main.o(.text) refers to d2f.o(x$fpl$d2f) for __aeabi_d2f
    main.o(.text) refers to strlen.o(.text) for strlen
    main.o(.text) refers to uart.o(.bss) for uart_rec_buffer
    main.o(.text) refers to f2d.o(x$fpl$f2d) for __aeabi_f2d
    main.o(.text) refers to software_iic.o(.text) for EEPROM_WriteByte
    main.o(.text) refers to led.o(.text) for LED_GPIO_Config
    main.o(.text) refers to stmflash.o(.text) for para_setting
    main.o(.text) refers to uart.o(.data) for cmd_in2
    delay.o(.text) refers to delay.o(.data) for fac_ms
    uart.o(.text) refers (Special) to use_no_semi_2.o(.text) for __use_no_semihosting
    uart.o(.text) refers to misc.o(.text) for NVIC_Init
    uart.o(.text) refers to stm32f10x_rcc.o(.text) for RCC_APB2PeriphClockCmd
    uart.o(.text) refers to stm32f10x_gpio.o(.text) for GPIO_Init
    uart.o(.text) refers to stm32f10x_usart.o(.text) for USART_DeInit
    uart.o(.text) refers to uart.o(.data) for uart_buffer_head_ok
    uart.o(.text) refers to uart.o(.bss) for uart_rec_buffer
    uart.o(.bss) refers (Special) to use_no_semi_2.o(.text) for __use_no_semihosting
    uart.o(.data) refers (Special) to use_no_semi_2.o(.text) for __use_no_semihosting
    software_iic.o(.text) refers to stm32f10x_gpio.o(.text) for GPIO_Init
    software_iic.o(.text) refers to stm32f10x_rcc.o(.text) for RCC_APB2PeriphClockCmd
    ads1256.o(.text) refers to stm32f10x_rcc.o(.text) for RCC_APB2PeriphClockCmd
    ads1256.o(.text) refers to stm32f10x_gpio.o(.text) for GPIO_Init
    ads1256.o(.text) refers to stm32f10x_spi.o(.text) for SPI_Init
    ads1256.o(.text) refers to delay.o(.text) for delay_ms
    stmflash.o(.text) refers to _printf_percent.o(.ARM.Collect$$_printf_percent$$00000000) for _printf_percent
    stmflash.o(.text) refers to _printf_d.o(.ARM.Collect$$_printf_percent$$00000009) for _printf_d
    stmflash.o(.text) refers to _printf_dec.o(.text) for _printf_int_dec
    stmflash.o(.text) refers to _printf_f.o(.ARM.Collect$$_printf_percent$$00000003) for _printf_f
    stmflash.o(.text) refers to printf1.o(x$fpl$printf1) for _printf_fp_dec
    stmflash.o(.text) refers to delay.o(.text) for delay_us
    stmflash.o(.text) refers to noretval__2sprintf.o(.text) for __2sprintf
    stmflash.o(.text) refers to stmflash.o(.bss) for STMFLASH_BUF
    stmflash.o(.text) refers to main.o(.data) for my_para
    stmflash.o(.text) refers to main.o(.bss) for message
    stmflash.o(.text) refers to stmflash.o(.data) for para_checksum
    stmflash.o(.text) refers to f2d.o(x$fpl$f2d) for __aeabi_f2d
    led.o(.text) refers to stm32f10x_rcc.o(.text) for RCC_APB2PeriphClockCmd
    led.o(.text) refers to stm32f10x_gpio.o(.text) for GPIO_PinRemapConfig
    startup_stm32f10x_hd.o(STACK) refers (Special) to heapauxi.o(.text) for __use_two_region_memory
    startup_stm32f10x_hd.o(HEAP) refers (Special) to heapauxi.o(.text) for __use_two_region_memory
    startup_stm32f10x_hd.o(RESET) refers (Special) to heapauxi.o(.text) for __use_two_region_memory
    startup_stm32f10x_hd.o(RESET) refers to startup_stm32f10x_hd.o(.text) for Reset_Handler
    startup_stm32f10x_hd.o(RESET) refers to stm32f10x_it.o(.text) for NMI_Handler
    startup_stm32f10x_hd.o(RESET) refers to main.o(.text) for USB_LP_CAN1_RX0_IRQHandler
[...]
    ../clib/printf_percent.s                 0x00000000   Number         0  _printf_f.o ABSOLUTE
    ../clib/printf_percent.s                 0x00000000   Number         0  _printf_percent.o ABSOLUTE
    ../clib/printf_percent.s                 0x00000000   Number         0  _printf_x.o ABSOLUTE
    ../clib/printf_percent.s                 0x00000000   Number         0  _printf_percent_end.o ABSOLUTE
    ../clib/signal.c                         0x00000000   Number         0  defsig_general.o ABSOLUTE
    ../clib/signal.c                         0x00000000   Number         0  __raise.o ABSOLUTE
    ../clib/signal.c                         0x00000000   Number         0  defsig_stak_inner.o ABSOLUTE
    ../clib/signal.c                         0x00000000   Number         0  defsig_rtmem_inner.o ABSOLUTE
    ../clib/signal.c                         0x00000000   Number         0  defsig_exit.o ABSOLUTE
    ../clib/signal.c                         0x00000000   Number         0  defsig_abrt_inner.o ABSOLUTE
    ../clib/signal.c                         0x00000000   Number         0  defsig_pvfn_inner.o ABSOLUTE
    ../clib/signal.c                         0x00000000   Number         0  defsig_rtmem_formal.o ABSOLUTE
    ../clib/signal.c                         0x00000000   Number         0  defsig_rtmem_outer.o ABSOLUTE
    ../clib/signal.c                         0x00000000   Number         0  defsig_fpe_inner.o ABSOLUTE
    ../clib/signal.c                         0x00000000   Number         0  defsig_cppl_inner.o ABSOLUTE
    ../clib/signal.c                         0x00000000   Number         0  defsig_segv_inner.o ABSOLUTE
    ../clib/signal.c                         0x00000000   Number         0  defsig_other.o ABSOLUTE
    ../clib/signal.c                         0x00000000   Number         0  defsig_rtred_inner.o ABSOLUTE
    ../clib/signal.s                         0x00000000   Number         0  defsig.o ABSOLUTE
    ../clib/stdlib.c                         0x00000000   Number         0  exit.o ABSOLUTE
    ../clib/string.c                         0x00000000   Number         0  strlen.o ABSOLUTE
    ../fplib/d2f.s                           0x00000000   Number         0  d2f.o ABSOLUTE
    ../fplib/dflt.s                          0x00000000   Number         0  dflt_clz.o ABSOLUTE
    ../fplib/dmul.s                          0x00000000   Number         0  dmul.o ABSOLUTE
    ../fplib/dnaninf.s                       0x00000000   Number         0  dnaninf.o ABSOLUTE
    ../fplib/dretinf.s                       0x00000000   Number         0  dretinf.o ABSOLUTE
    ../fplib/f2d.s                           0x00000000   Number         0  f2d.o ABSOLUTE
    ../fplib/fnaninf.s                       0x00000000   Number         0  fnaninf.o ABSOLUTE
    ../fplib/fpinit.s                        0x00000000   Number         0  fpinit.o ABSOLUTE
    ../fplib/fretinf.s                       0x00000000   Number         0  fretinf.o ABSOLUTE
    ../fplib/istatus.s                       0x00000000   Number         0  istatus.o ABSOLUTE
    ../fplib/printf1.s                       0x00000000   Number         0  printf1.o ABSOLUTE
    ../fplib/usenofp.s                       0x00000000   Number         0  usenofp.o ABSOLUTE
    ../mathlib/fpclassify.c                  0x00000000   Number         0  fpclassify.o ABSOLUTE
    Source\App\ADS1256.C                     0x00000000   Number         0  ads1256.o ABSOLUTE
    Source\App\UART.c                        0x00000000   Number         0  uart.o ABSOLUTE
    Source\App\delay.c                       0x00000000   Number         0  delay.o ABSOLUTE
    Source\App\led.c                         0x00000000   Number         0  led.o ABSOLUTE
    Source\App\main.c                        0x00000000   Number         0  main.o ABSOLUTE
    Source\App\software_iic.c                0x00000000   Number         0  software_iic.o ABSOLUTE
    Source\App\stm32f10x_it.c                0x00000000   Number         0  stm32f10x_it.o ABSOLUTE
    Source\App\stmflash.c                    0x00000000   Number         0  stmflash.o ABSOLUTE
    Source\CMSIS\Core\CM3\core_cm3.c         0x00000000   Number         0  core_cm3.o ABSOLUTE
    Source\CMSIS\Core\CM3\startup\arm\startup_stm32f10x_hd.s 0x00000000   Number         0  startup_stm32f10x_hd.o ABSOLUTE
    Source\CMSIS\Core\CM3\system_stm32f10x.c 0x00000000   Number         0  system_stm32f10x.o ABSOLUTE
    Source\STM32F10x_StdPeriph_Driver\src\misc.c 0x00000000   Number         0  misc.o ABSOLUTE
    Source\STM32F10x_StdPeriph_Driver\src\stm32f10x_adc.c 0x00000000   Number         0  stm32f10x_adc.o ABSOLUTE
    Source\STM32F10x_StdPeriph_Driver\src\stm32f10x_bkp.c 0x00000000   Number         0  stm32f10x_bkp.o ABSOLUTE
    Source\STM32F10x_StdPeriph_Driver\src\stm32f10x_can.c 0x00000000   Number         0  stm32f10x_can.o ABSOLUTE
    Source\STM32F10x_StdPeriph_Driver\src\stm32f10x_crc.c 0x00000000   Number         0  stm32f10x_crc.o ABSOLUTE
    Source\STM32F10x_StdPeriph_Driver\src\stm32f10x_dac.c 0x00000000   Number         0  stm32f10x_dac.o ABSOLUTE
    Source\STM32F10x_StdPeriph_Driver\src\stm32f10x_dbgmcu.c 0x00000000   Number         0  stm32f10x_dbgmcu.o ABSOLUTE
    Source\STM32F10x_StdPeriph_Driver\src\stm32f10x_dma.c 0x00000000   Number         0  stm32f10x_dma.o ABSOLUTE
    Source\STM32F10x_StdPeriph_Driver\src\stm32f10x_exti.c 0x00000000   Number         0  stm32f10x_exti.o ABSOLUTE
    Source\STM32F10x_StdPeriph_Driver\src\stm32f10x_flash.c 0x00000000   Number         0  stm32f10x_flash.o ABSOLUTE
    Source\STM32F10x_StdPeriph_Driver\src\stm32f10x_fsmc.c 0x00000000   Number         0  stm32f10x_fsmc.o ABSOLUTE
    Source\STM32F10x_StdPeriph_Driver\src\stm32f10x_gpio.c 0x00000000   Number         0  stm32f10x_gpio.o ABSOLUTE
    Source\STM32F10x_StdPeriph_Driver\src\stm32f10x_i2c.c 0x00000000   Number         0  stm32f10x_i2c.o ABSOLUTE
    Source\STM32F10x_StdPeriph_Driver\src\stm32f10x_iwdg.c 0x00000000   Number         0  stm32f10x_iwdg.o ABSOLUTE
    Source\STM32F10x_StdPeriph_Driver\src\stm32f10x_pwr.c 0x00000000   Number         0  stm32f10x_pwr.o ABSOLUTE
    Source\STM32F10x_StdPeriph_Driver\src\stm32f10x_rcc.c 0x00000000   Number         0  stm32f10x_rcc.o ABSOLUTE
    Source\STM32F10x_StdPeriph_Driver\src\stm32f10x_rtc.c 0x00000000   Number         0  stm32f10x_rtc.o ABSOLUTE
    Source\STM32F10x_StdPeriph_Driver\src\stm32f10x_sdio.c 0x00000000   Number         0  stm32f10x_sdio.o ABSOLUTE
    Source\STM32F10x_StdPeriph_Driver\src\stm32f10x_spi.c 0x00000000   Number         0  stm32f10x_spi.o ABSOLUTE
    Source\STM32F10x_StdPeriph_Driver\src\stm32f10x_tim.c 0x00000000   Number         0  stm32f10x_tim.o ABSOLUTE
    Source\STM32F10x_StdPeriph_Driver\src\stm32f10x_usart.c 0x00000000   Number         0  stm32f10x_usart.o ABSOLUTE
    Source\STM32F10x_StdPeriph_Driver\src\stm32f10x_wwdg.c 0x00000000   Number         0  stm32f10x_wwdg.o ABSOLUTE
    Source\\CMSIS\\Core\\CM3\\core_cm3.c     0x00000000   Number         0  core_cm3.o ABSOLUTE
    dc.s                                     0x00000000   Number         0  dc.o ABSOLUTE
    RESET                                    0x08000000   Section      304  startup_stm32f10x_hd.o(RESET)
    !!!main                                  0x08000130   Section        8  __main.o(!!!main)
    !!!scatter                               0x08000138   Section       52  __scatter.o(!!!scatter)
    !!dczerorl2                              0x0800016c   Section       90  __dczerorl2.o(!!dczerorl2)
    !!handler_zi                             0x080001c8   Section       28  __scatter_zi.o(!!handler_zi)
    .ARM.Collect$$_printf_percent$$00000000  0x080001e4   Section        0  _printf_percent.o(.ARM.Collect$$_printf_percent$$00000000)
    .ARM.Collect$$_printf_percent$$00000003  0x080001e4   Section        6  _printf_f.o(.ARM.Collect$$_printf_percent$$00000003)
    .ARM.Collect$$_printf_percent$$00000009  0x080001ea   Section        6  _printf_d.o(.ARM.Collect$$_printf_percent$$00000009)
    .ARM.Collect$$_printf_percent$$0000000C  0x080001f0   Section        6  _printf_x.o(.ARM.Collect$$_printf_percent$$0000000C)
    .ARM.Collect$$_printf_percent$$00000017  0x080001f6   Section        4  _printf_percent_end.o(.ARM.Collect$$_printf_percent$$00000017)
    .ARM.Collect$$libinit$$00000000          0x080001fa   Section        2  libinit.o(.ARM.Collect$$libinit$$00000000)
    .ARM.Collect$$libinit$$00000002          0x080001fc   Section        0  libinit2.o(.ARM.Collect$$libinit$$00000002)
    .ARM.Collect$$libinit$$00000004          0x080001fc   Section        0  libinit2.o(.ARM.Collect$$libinit$$00000004)
    .ARM.Collect$$libinit$$0000000A          0x080001fc   Section        0  libinit2.o(.ARM.Collect$$libinit$$0000000A)
    .ARM.Collect$$libinit$$0000000C          0x080001fc   Section        0  libinit2.o(.ARM.Collect$$libinit$$0000000C)
    .ARM.Collect$$libinit$$0000000E          0x080001fc   Section        0  libinit2.o(.ARM.Collect$$libinit$$0000000E)
    .ARM.Collect$$libinit$$0000000F          0x080001fc   Section        6  libinit2.o(.ARM.Collect$$libinit$$0000000F)
    .ARM.Collect$$libinit$$00000011          0x08000202   Section        0  libinit2.o(.ARM.Collect$$libinit$$00000011)
    .ARM.Collect$$libinit$$00000013          0x08000202   Section        0  libinit2.o(.ARM.Collect$$libinit$$00000013)
    .ARM.Collect$$libinit$$00000015          0x08000202   Section        0  libinit2.o(.ARM.Collect$$libinit$$00000015)
    .ARM.Collect$$libinit$$00000016          0x08000202   Section       10  libinit2.o(.ARM.Collect$$libinit$$00000016)
    .ARM.Collect$$libinit$$00000017          0x0800020c   Section        0  libinit2.o(.ARM.Collect$$libinit$$00000017)
    .ARM.Collect$$libinit$$00000019          0x0800020c   Section        0  libinit2.o(.ARM.Collect$$libinit$$00000019)
    .ARM.Collect$$libinit$$0000001B          0x0800020c   Section        0  libinit2.o(.ARM.Collect$$libinit$$0000001B)
    .ARM.Collect$$libinit$$0000001D          0x0800020c   Section        0  libinit2.o(.ARM.Collect$$libinit$$0000001D)
    .ARM.Collect$$libinit$$0000001F          0x0800020c   Section        0  libinit2.o(.ARM.Collect$$libinit$$0000001F)
    .ARM.Collect$$libinit$$00000021          0x0800020c   Section        0  libinit2.o(.ARM.Collect$$libinit$$00000021)
    .ARM.Collect$$libinit$$00000023          0x0800020c   Section        0  libinit2.o(.ARM.Collect$$libinit$$00000023)
    .ARM.Collect$$libinit$$00000025          0x0800020c   Section        0  libinit2.o(.ARM.Collect$$libinit$$00000025)
    .ARM.Collect$$libinit$$0000002C          0x0800020c   Section        0  libinit2.o(.ARM.Collect$$libinit$$0000002C)
    .ARM.Collect$$libinit$$0000002E          0x0800020c   Section        0  libinit2.o(.ARM.Collect$$libinit$$0000002E)
    .ARM.Collect$$libinit$$00000030          0x0800020c   Section        0  libinit2.o(.ARM.Collect$$libinit$$00000030)
    .ARM.Collect$$libinit$$00000032          0x0800020c   Section        0  libinit2.o(.ARM.Collect$$libinit$$00000032)
    .ARM.Collect$$libinit$$00000033          0x0800020c   Section        2  libinit2.o(.ARM.Collect$$libinit$$00000033)
    .ARM.Collect$$libshutdown$$00000000      0x0800020e   Section        2  libshutdown.o(.ARM.Collect$$libshutdown$$00000000)
    .ARM.Collect$$libshutdown$$00000002      0x08000210   Section        0  libshutdown2.o(.ARM.Collect$$libshutdown$$00000002)
    .ARM.Collect$$libshutdown$$00000004      0x08000210   Section        0  libshutdown2.o(.ARM.Collect$$libshutdown$$00000004)
    .ARM.Collect$$libshutdown$$00000006      0x08000210   Section        0  libshutdown2.o(.ARM.Collect$$libshutdown$$00000006)
    .ARM.Collect$$libshutdown$$00000009      0x08000210   Section        0  libshutdown2.o(.ARM.Collect$$libshutdown$$00000009)
    .ARM.Collect$$libshutdown$$0000000C      0x08000210   Section        0  libshutdown2.o(.ARM.Collect$$libshutdown$$0000000C)
    .ARM.Collect$$libshutdown$$0000000E      0x08000210   Section        0  libshutdown2.o(.ARM.Collect$$libshutdown$$0000000E)
    .ARM.Collect$$libshutdown$$00000011      0x08000210   Section        0  libshutdown2.o(.ARM.Collect$$libshutdown$$00000011)
    .ARM.Collect$$libshutdown$$00000012      0x08000210   Section        2  libshutdown2.o(.ARM.Collect$$libshutdown$$00000012)
    .ARM.Collect$$rtentry$$00000000          0x08000212   Section        0  __rtentry.o(.ARM.Collect$$rtentry$$00000000)
    .ARM.Collect$$rtentry$$00000002          0x08000212   Section        0  __rtentry2.o(.ARM.Collect$$rtentry$$00000002)
    .ARM.Collect$$rtentry$$00000004          0x08000212   Section        6  __rtentry4.o(.ARM.Collect$$rtentry$$00000004)
    .ARM.Collect$$rtentry$$00000009          0x08000218   Section        0  __rtentry2.o(.ARM.Collect$$rtentry$$00000009)
    .ARM.Collect$$rtentry$$0000000A          0x08000218   Section        4  __rtentry2.o(.ARM.Collect$$rtentry$$0000000A)
    .ARM.Collect$$rtentry$$0000000C          0x0800021c   Section        0  __rtentry2.o(.ARM.Collect$$rtentry$$0000000C)
    .ARM.Collect$$rtentry$$0000000D          0x0800021c   Section        8  __rtentry2.o(.ARM.Collect$$rtentry$$0000000D)
    .ARM.Collect$$rtexit$$00000000           0x08000224   Section        2  rtexit.o(.ARM.Collect$$rtexit$$00000000)
    .ARM.Collect$$rtexit$$00000002           0x08000226   Section        0  rtexit2.o(.ARM.Collect$$rtexit$$00000002)
    .ARM.Collect$$rtexit$$00000003           0x08000226   Section        4  rtexit2.o(.ARM.Collect$$rtexit$$00000003)
    .ARM.Collect$$rtexit$$00000004           0x0800022a   Section        6  rtexit2.o(.ARM.Collect$$rtexit$$00000004)
    .text                                    0x08000230   Section        0  main.o(.text)
    .text                                    0x08001130   Section        0  stm32f10x_it.o(.text)
    .text                                    0x0800114c   Section        0  delay.o(.text)
    .text                                    0x08001214   Section        0  uart.o(.text)
    .text                                    0x080016fc   Section        0  software_iic.o(.text)
    I2C_Ack                                  0x080017a7   Thumb Code    48  software_iic.o(.text)
    I2C_NoAck                                0x080017d7   Thumb Code    52  software_iic.o(.text)
    .text                                    0x08001a00   Section        0  ads1256.o(.text)
    .text                                    0x08001cc4   Section        0  stmflash.o(.text)
    .text                                    0x080021c8   Section        0  led.o(.text)
    .text                                    0x08002268   Section        0  system_stm32f10x.o(.text)
    SetSysClockTo72                          0x08002269   Thumb Code   220  system_stm32f10x.o(.text)
    SetSysClock                              0x08002345   Thumb Code     8  system_stm32f10x.o(.text)
    .text                                    0x080023a4   Section       76  startup_stm32f10x_hd.o(.text)
    .text                                    0x080023f0   Section        0  misc.o(.text)
    .text                                    0x080024cc   Section        0  stm32f10x_can.o(.text)
    CheckITStatus                            0x08002af7   Thumb Code    18  stm32f10x_can.o(.text)
    .text                                    0x08002c9c   Section        0  stm32f10x_gpio.o(.text)
    .text                                    0x08002fd8   Section        0  stm32f10x_rcc.o(.text)
    .text                                    0x0800337c   Section        0  stm32f10x_spi.o(.text)
    .text                                    0x08003688   Section        0  stm32f10x_usart.o(.text)
    .text                                    0x08003a2c   Section        2  use_no_semi_2.o(.text)
    .text                                    0x08003a30   Section        0  noretval__2sprintf.o(.text)
    .text                                    0x08003a58   Section        0  _printf_pad.o(.text)
    .text                                    0x08003aa8   Section        0  _printf_dec.o(.text)
    .text                                    0x08003b20   Section        0  _printf_hex_int.o(.text)
    .text                                    0x08003b78   Section        0  __printf_wp.o(.text)
    .text                                    0x08003c86   Section        0  strlen.o(.text)
    .text                                    0x08003cc4   Section        0  heapauxi.o(.text)
    .text                                    0x08003cca   Section        2  use_no_semi.o(.text)
    .text                                    0x08003ccc   Section        0  _printf_intcommon.o(.text)
    .text                                    0x08003d7e   Section        0  _printf_fp_dec.o(.text)
    _fp_digits                               0x08003d81   Thumb Code   432  _printf_fp_dec.o(.text)
    .text                                    0x0800419c   Section        0  _printf_char_common.o(.text)
    _printf_input_char                       0x0800419d   Thumb Code    10  _printf_char_common.o(.text)
    .text                                    0x080041cc   Section        0  _sputc.o(.text)
    .text                                    0x080041d8   Section        8  rt_locale_intlibspace.o(.text)
    .text                                    0x080041e0   Section      138  lludiv10.o(.text)
    .text                                    0x0800426c   Section        0  _printf_fp_infnan.o(.text)
    .text                                    0x080042ec   Section        0  bigflt0.o(.text)
    .text                                    0x080043d0   Section        8  libspace.o(.text)
    .text                                    0x080043d8   Section       74  sys_stackheap_outer.o(.text)
    .text                                    0x08004422   Section        0  exit.o(.text)
    .text                                    0x08004434   Section      128  strcmpv7m.o(.text)
    CL$$btod_d2e                             0x080044b4   Section       62  btod.o(CL$$btod_d2e)
    CL$$btod_d2e_denorm_low                  0x080044f2   Section       70  btod.o(CL$$btod_d2e_denorm_low)
    CL$$btod_d2e_norm_op1                    0x08004538   Section       96  btod.o(CL$$btod_d2e_norm_op1)
    CL$$btod_div_common                      0x08004598   Section      824  btod.o(CL$$btod_div_common)
    CL$$btod_e2e                             0x080048d0   Section      220  btod.o(CL$$btod_e2e)
    CL$$btod_ediv                            0x080049ac   Section       42  btod.o(CL$$btod_ediv)
    CL$$btod_emul                            0x080049d6   Section       42  btod.o(CL$$btod_emul)
    CL$$btod_mult_common                     0x08004a00   Section      580  btod.o(CL$$btod_mult_common)
    i.__ARM_fpclassify                       0x08004c44   Section        0  fpclassify.o(i.__ARM_fpclassify)
    i._is_digit                              0x08004c6c   Section        0  __printf_wp.o(i._is_digit)
    locale$$code                             0x08004c7c   Section       44  lc_numeric_c.o(locale$$code)
    x$fpl$d2f                                0x08004ca8   Section       98  d2f.o(x$fpl$d2f)
    x$fpl$dflt                               0x08004d0a   Section       46  dflt_clz.o(x$fpl$dflt)
    x$fpl$dmul                               0x08004d38   Section      340  dmul.o(x$fpl$dmul)
    x$fpl$dnaninf                            0x08004e8c   Section      156  dnaninf.o(x$fpl$dnaninf)
    x$fpl$dretinf                            0x08004f28   Section       12  dretinf.o(x$fpl$dretinf)
    x$fpl$f2d                                0x08004f34   Section       86  f2d.o(x$fpl$f2d)
    x$fpl$fnaninf                            0x08004f8a   Section      140  fnaninf.o(x$fpl$fnaninf)
    x$fpl$fretinf                            0x08005016   Section       10  fretinf.o(x$fpl$fretinf)
    x$fpl$printf1                            0x08005020   Section        4  printf1.o(x$fpl$printf1)
    .constdata                               0x08005024   Section       40  _printf_hex_int.o(.constdata)
    x$fpl$usenofp                            0x08005024   Section        0  usenofp.o(x$fpl$usenofp)
    uc_hextab                                0x08005024   Data          20  _printf_hex_int.o(.constdata)
    lc_hextab                                0x08005038   Data          20  _printf_hex_int.o(.constdata)
    .constdata                               0x0800504c   Section      148  bigflt0.o(.constdata)
    tenpwrs_x                                0x0800504c   Data          60  bigflt0.o(.constdata)
    tenpwrs_i                                0x08005088   Data          64  bigflt0.o(.constdata)
    locale$$data                             0x08005100   Section       28  lc_numeric_c.o(locale$$data)
    __lcnum_c_name                           0x08005104   Data           2  lc_numeric_c.o(locale$$data)
    __lcnum_c_start                          0x0800510c   Data           0  lc_numeric_c.o(locale$$data)
    __lcnum_c_point                          0x08005118   Data           0  lc_numeric_c.o(locale$$data)
    __lcnum_c_thousands                      0x0800511a   Data           0  lc_numeric_c.o(locale$$data)
    __lcnum_c_grouping                       0x0800511b   Data           0  lc_numeric_c.o(locale$$data)
    __lcnum_c_end                            0x0800511c   Data           0  lc_numeric_c.o(locale$$data)
    .data                                    0x20000000   Section      177  main.o(.data)
    .data                                    0x200000b2   Section        3  delay.o(.data)
    .data                                    0x200000b8   Section     1043  uart.o(.data)
    .data                                    0x200004cc   Section        8  stmflash.o(.data)
    .data                                    0x200004d4   Section       20  stm32f10x_rcc.o(.data)
    APBAHBPrescTable                         0x200004d4   Data          16  stm32f10x_rcc.o(.data)
    ADCPrescTable                            0x200004e4   Data           4  stm32f10x_rcc.o(.data)
    .bss                                     0x200004e8   Section      456  main.o(.bss)
    .bss                                     0x200006b0   Section      300  uart.o(.bss)
    .bss                                     0x200007dc   Section     1024  stmflash.o(.bss)
    .bss                                     0x20000bdc   Section       96  libspace.o(.bss)
    HEAP                                     0x20000c40   Section     1024  startup_stm32f10x_hd.o(HEAP)
    Heap_Mem                                 0x20000c40   Data        1024  startup_stm32f10x_hd.o(HEAP)
    STACK                                    0x20001040   Section     1024  startup_stm32f10x_hd.o(STACK)
    Stack_Mem                                0x20001040   Data        1024  startup_stm32f10x_hd.o(STACK)
    __initial_sp                             0x20001440   Data           0  startup_stm32f10x_hd.o(STACK)

    Global Symbols

    Symbol Name                              Value     Ov Type        Size  Object(Section)

    BuildAttributes$$THM_ISAv4$P$D$K$B$S$PE$A:L22UL41UL21$X:L11$S22US41US21$IEEE1$IW$USESV6$~STKCKD$USESV7$~SHL$OTIME$ROPI$IEEEJ$EBA8$UX$STANDARDLIB$REQ8$PRES8$EABIv2 0x00000000   Number         0  anon$$obj.o ABSOLUTE
    __ARM_use_no_argv                        0x00000000   Number         0  main.o ABSOLUTE
    _printf_flags                            0x00000000   Number         0  printf_stubs.o ABSOLUTE
    _printf_return_value                     0x00000000   Number         0  printf_stubs.o ABSOLUTE
    _printf_sizespec                         0x00000000   Number         0  printf_stubs.o ABSOLUTE
    _printf_widthprec                        0x00000000   Number         0  printf_stubs.o ABSOLUTE
    __ARM_exceptions_init                     - Undefined Weak Reference
    __alloca_initialize                       - Undefined Weak Reference
    __arm_fini_                               - Undefined Weak Reference
    __arm_preinit_                            - Undefined Weak Reference
    __cpp_initialize__aeabi_                  - Undefined Weak Reference
    __cxa_finalize                            - Undefined Weak Reference
    __sigvec_lookup                           - Undefined Weak Reference
    _atexit_init                              - Undefined Weak Reference
    _call_atexit_fns                          - Undefined Weak Reference
    _clock_init                               - Undefined Weak Reference
    _fp_trap_init                             - Undefined Weak Reference
    _fp_trap_shutdown                         - Undefined Weak Reference
    _get_lc_collate                           - Undefined Weak Reference
    _get_lc_ctype                             - Undefined Weak Reference
    _get_lc_monetary                          - Undefined Weak Reference
    _get_lc_time                              - Undefined Weak Reference
    _getenv_init                              - Undefined Weak Reference
    _handle_redirection                       - Undefined Weak Reference
    _init_alloc                               - Undefined Weak Reference
    _init_user_alloc                          - Undefined Weak Reference
    _initio                                   - Undefined Weak Reference
    _printf_truncate_signed                   - Undefined Weak Reference
    _printf_truncate_unsigned                 - Undefined Weak Reference
    _rand_init                                - Undefined Weak Reference
    _signal_finish                            - Undefined Weak Reference
    _signal_init                              - Undefined Weak Reference
    _terminate_alloc                          - Undefined Weak Reference
    _terminate_user_alloc                     - Undefined Weak Reference
    _terminateio                              - Undefined Weak Reference
    __Vectors_Size                           0x00000130   Number         0  startup_stm32f10x_hd.o ABSOLUTE
    __Vectors                                0x08000000   Data           4  startup_stm32f10x_hd.o(RESET)
    __Vectors_End                            0x08000130   Data           0  startup_stm32f10x_hd.o(RESET)
    __main                                   0x08000131   Thumb Code     8  __main.o(!!!main)
    __scatterload                            0x08000139   Thumb Code     0  __scatter.o(!!!scatter)
    __scatterload_rt2                        0x08000139   Thumb Code    44  __scatter.o(!!!scatter)
    __scatterload_rt2_thumb_only             0x08000139   Thumb Code     0  __scatter.o(!!!scatter)
    __scatterload_null                       0x08000147   Thumb Code     0  __scatter.o(!!!scatter)
    __decompress                             0x0800016d   Thumb Code    90  __dczerorl2.o(!!dczerorl2)
    __decompress1                            0x0800016d   Thumb Code     0  __dczerorl2.o(!!dczerorl2)
    __scatterload_zeroinit                   0x080001c9   Thumb Code    28  __scatter_zi.o(!!handler_zi)
    _printf_f                                0x080001e5   Thumb Code     0  _printf_f.o(.ARM.Collect$$_printf_percent$$00000003)
    _printf_percent                          0x080001e5   Thumb Code     0  _printf_percent.o(.ARM.Collect$$_printf_percent$$00000000)
    _printf_d                                0x080001eb   Thumb Code     0  _printf_d.o(.ARM.Collect$$_printf_percent$$00000009)
    _printf_x                                0x080001f1   Thumb Code     0  _printf_x.o(.ARM.Collect$$_printf_percent$$0000000C)
    _printf_percent_end                      0x080001f7   Thumb Code     0  _printf_percent_end.o(.ARM.Collect$$_printf_percent$$00000017)
    __rt_lib_init                            0x080001fb   Thumb Code     0  libinit.o(.ARM.Collect$$libinit$$00000000)
    __rt_lib_init_fp_1                       0x080001fd   Thumb Code     0  libinit2.o(.ARM.Collect$$libinit$$00000002)
    __rt_lib_init_heap_1                     0x080001fd   Thumb Code     0  libinit2.o(.ARM.Collect$$libinit$$0000000A)
    __rt_lib_init_lc_common                  0x080001fd   Thumb Code     0  libinit2.o(.ARM.Collect$$libinit$$0000000F)
    __rt_lib_init_preinit_1                  0x080001fd   Thumb Code     0  libinit2.o(.ARM.Collect$$libinit$$00000004)
    __rt_lib_init_rand_1                     0x080001fd   Thumb Code     0  libinit2.o(.ARM.Collect$$libinit$$0000000E)
    __rt_lib_init_user_alloc_1               0x080001fd   Thumb Code     0  libinit2.o(.ARM.Collect$$libinit$$0000000C)
    __rt_lib_init_lc_collate_1               0x08000203   Thumb Code     0  libinit2.o(.ARM.Collect$$libinit$$00000011)
    __rt_lib_init_lc_ctype_1                 0x08000203   Thumb Code     0  libinit2.o(.ARM.Collect$$libinit$$00000013)
    __rt_lib_init_lc_monetary_1              0x08000203   Thumb Code     0  libinit2.o(.ARM.Collect$$libinit$$00000015)
    __rt_lib_init_lc_numeric_2               0x08000203   Thumb Code     0  libinit2.o(.ARM.Collect$$libinit$$00000016)
    __rt_lib_init_alloca_1                   0x0800020d   Thumb Code     0  libinit2.o(.ARM.Collect$$libinit$$0000002E)
    __rt_lib_init_argv_1                     0x0800020d   Thumb Code     0  libinit2.o(.ARM.Collect$$libinit$$0000002C)
    __rt_lib_init_atexit_1                   0x0800020d   Thumb Code     0  libinit2.o(.ARM.Collect$$libinit$$0000001B)
    __rt_lib_init_clock_1                    0x0800020d   Thumb Code     0  libinit2.o(.ARM.Collect$$libinit$$00000021)
    __rt_lib_init_cpp_1                      0x0800020d   Thumb Code     0  libinit2.o(.ARM.Collect$$libinit$$00000032)
    __rt_lib_init_exceptions_1               0x0800020d   Thumb Code     0  libinit2.o(.ARM.Collect$$libinit$$00000030)
    __rt_lib_init_fp_trap_1                  0x0800020d   Thumb Code     0  libinit2.o(.ARM.Collect$$libinit$$0000001F)
    __rt_lib_init_getenv_1                   0x0800020d   Thumb Code     0  libinit2.o(.ARM.Collect$$libinit$$00000023)
    __rt_lib_init_lc_numeric_1               0x0800020d   Thumb Code     0  libinit2.o(.ARM.Collect$$libinit$$00000017)
    __rt_lib_init_lc_time_1                  0x0800020d   Thumb Code     0  libinit2.o(.ARM.Collect$$libinit$$00000019)
    __rt_lib_init_return                     0x0800020d   Thumb Code     0  libinit2.o(.ARM.Collect$$libinit$$00000033)
    __rt_lib_init_signal_1                   0x0800020d   Thumb Code     0  libinit2.o(.ARM.Collect$$libinit$$0000001D)
    __rt_lib_init_stdio_1                    0x0800020d   Thumb Code     0  libinit2.o(.ARM.Collect$$libinit$$00000025)
    __rt_lib_shutdown                        0x0800020f   Thumb Code     0  libshutdown.o(.ARM.Collect$$libshutdown$$00000000)
    __rt_lib_shutdown_cpp_1                  0x08000211   Thumb Code     0  libshutdown2.o(.ARM.Collect$$libshutdown$$00000004)
    __rt_lib_shutdown_fini_1                 0x08000211   Thumb Code     0  libshutdown2.o(.ARM.Collect$$libshutdown$$00000002)
    __rt_lib_shutdown_fp_trap_1              0x08000211   Thumb Code     0  libshutdown2.o(.ARM.Collect$$libshutdown$$00000009)
    __rt_lib_shutdown_heap_1                 0x08000211   Thumb Code     0  libshutdown2.o(.ARM.Collect$$libshutdown$$00000011)
    __rt_lib_shutdown_return                 0x08000211   Thumb Code     0  libshutdown2.o(.ARM.Collect$$libshutdown$$00000012)
    __rt_lib_shutdown_signal_1               0x08000211   Thumb Code     0  libshutdown2.o(.ARM.Collect$$libshutdown$$0000000C)
    __rt_lib_shutdown_stdio_1                0x08000211   Thumb Code     0  libshutdown2.o(.ARM.Collect$$libshutdown$$00000006)
    __rt_lib_shutdown_user_alloc_1           0x08000211   Thumb Code     0  libshutdown2.o(.ARM.Collect$$libshutdown$$0000000E)
    __rt_entry                               0x08000213   Thumb Code     0  __rtentry.o(.ARM.Collect$$rtentry$$00000000)
    __rt_entry_presh_1                       0x08000213   Thumb Code     0  __rtentry2.o(.ARM.Collect$$rtentry$$00000002)
    __rt_entry_sh                            0x08000213   Thumb Code     0  __rtentry4.o(.ARM.Collect$$rtentry$$00000004)
    __rt_entry_li                            0x08000219   Thumb Code     0  __rtentry2.o(.ARM.Collect$$rtentry$$0000000A)
    __rt_entry_postsh_1                      0x08000219   Thumb Code     0  __rtentry2.o(.ARM.Collect$$rtentry$$00000009)
    __rt_entry_main                          0x0800021d   Thumb Code     0  __rtentry2.o(.ARM.Collect$$rtentry$$0000000D)
    __rt_entry_postli_1                      0x0800021d   Thumb Code     0  __rtentry2.o(.ARM.Collect$$rtentry$$0000000C)
    __rt_exit                                0x08000225   Thumb Code     0  rtexit.o(.ARM.Collect$$rtexit$$00000000)
    __rt_exit_ls                             0x08000227   Thumb Code     0  rtexit2.o(.ARM.Collect$$rtexit$$00000003)
    __rt_exit_prels_1                        0x08000227   Thumb Code     0  rtexit2.o(.ARM.Collect$$rtexit$$00000002)
    __rt_exit_exit                           0x0800022b   Thumb Code     0  rtexit2.o(.ARM.Collect$$rtexit$$00000004)
    GPIO_Configuration                       0x08000231   Thumb Code   156  main.o(.text)
    NVIC_Configuration                       0x080002cd   Thumb Code    50  main.o(.text)
    RCC_Configuration                        0x080002ff   Thumb Code    42  main.o(.text)
    HexToStr                                 0x08000329   Thumb Code    52  main.o(.text)
    StrToHex                                 0x0800035d   Thumb Code   124  main.o(.text)
    CanTxData                                0x080003d9   Thumb Code   136  main.o(.text)
    Can_send_Data                            0x08000461   Thumb Code   216  main.o(.text)
    cmp_data                                 0x08000539   Thumb Code    32  main.o(.text)
    Init_All_Periph                          0x08000559   Thumb Code    22  main.o(.text)
    can_dat_uart1                            0x0800056f   Thumb Code   348  main.o(.text)
    get_can_id_from_uart                     0x080006cb   Thumb Code   102  main.o(.text)
    get_can_data                             0x08000731   Thumb Code    70  main.o(.text)
    CAN_Polling                              0x08000777   Thumb Code   218  main.o(.text)
    CAN_Interrupt                            0x08000851   Thumb Code   146  main.o(.text)
    USB_LP_CAN1_RX0_IRQHandler               0x080008e3   Thumb Code    14  main.o(.text)
    read_ads1256                             0x080008f1   Thumb Code   104  main.o(.text)
    process_cmd1                             0x08000959   Thumb Code  1390  main.o(.text)
    process_cmd2                             0x08000ec7   Thumb Code    92  main.o(.text)
    main                                     0x08000f23   Thumb Code   456  main.o(.text)
    NMI_Handler                              0x08001131   Thumb Code     2  stm32f10x_it.o(.text)
    HardFault_Handler                        0x08001133   Thumb Code     4  stm32f10x_it.o(.text)
    MemManage_Handler                        0x08001137   Thumb Code     4  stm32f10x_it.o(.text)
    BusFault_Handler                         0x0800113b   Thumb Code     4  stm32f10x_it.o(.text)
    UsageFault_Handler                       0x0800113f   Thumb Code     4  stm32f10x_it.o(.text)
    SVC_Handler                              0x08001143   Thumb Code     2  stm32f10x_it.o(.text)
    DebugMon_Handler                         0x08001145   Thumb Code     2  stm32f10x_it.o(.text)
    PendSV_Handler                           0x08001147   Thumb Code     2  stm32f10x_it.o(.text)
    SysTick_Handler                          0x08001149   Thumb Code     2  stm32f10x_it.o(.text)
    delay_ms                                 0x0800114d   Thumb Code    62  delay.o(.text)
    Delay_Init                               0x0800118b   Thumb Code    66  delay.o(.text)
    delay_us                                 0x080011cd   Thumb Code    62  delay.o(.text)
    _sys_exit                                0x08001215   Thumb Code     6  uart.o(.text)
    fputc                                    0x0800121b   Thumb Code    24  uart.o(.text)
    UART_RxInt                               0x08001233   Thumb Code    34  uart.o(.text)
    UART1_Config                             0x08001255   Thumb Code   162  uart.o(.text)
    UART1_WriteByte                          0x080012f7   Thumb Code    36  uart.o(.text)
    USART1_IRQHandler                        0x0800131b   Thumb Code   106  uart.o(.text)
    UART2_RxInt                              0x08001385   Thumb Code    30  uart.o(.text)
    UART2_Config                             0x080013a3   Thumb Code   158  uart.o(.text)
    UART2_WriteByte                          0x08001441   Thumb Code    36  uart.o(.text)
    UART2_WriteBytes                         0x08001465   Thumb Code    60  uart.o(.text)
    USART2_IRQHandler                        0x080014a1   Thumb Code   106  uart.o(.text)
    CRC16                                    0x0800150b   Thumb Code    48  uart.o(.text)
    UART3_RxInt                              0x0800153b   Thumb Code    34  uart.o(.text)
    USART3_Init                              0x0800155d   Thumb Code   142  uart.o(.text)
    USART3_Sned_Char                         0x080015eb   Thumb Code    86  uart.o(.text)
    UART3_WriteByte                          0x08001641   Thumb Code    36  uart.o(.text)
    USART3_Sned_Char_Buff                    0x08001665   Thumb Code    24  uart.o(.text)
    uart1_send_str                           0x0800167d   Thumb Code    28  uart.o(.text)
    uart2_send_str                           0x08001699   Thumb Code    28  uart.o(.text)
    uart3_send_str                           0x080016b5   Thumb Code    28  uart.o(.text)
    USART3_IRQHandler                        0x080016d1   Thumb Code    40  uart.o(.text)
    I2C_delay                                0x080016fd   Thumb Code    16  software_iic.o(.text)
    I2C_SDA_OUT                              0x0800170d   Thumb Code    32  software_iic.o(.text)
    I2C_Start                                0x0800172d   Thumb Code    82  software_iic.o(.text)
    I2C_Stop                                 0x0800177f   Thumb Code    40  software_iic.o(.text)
    I2C_SDA_IN                               0x0800180b   Thumb Code    26  software_iic.o(.text)
    I2C_GetAck                               0x08001825   Thumb Code    78  software_iic.o(.text)
    I2C_SendByte                             0x08001873   Thumb Code    86  software_iic.o(.text)
    I2C_ReadByte                             0x080018c9   Thumb Code    84  software_iic.o(.text)
    I2C_GPIO_Configuration                   0x0800191d   Thumb Code    56  software_iic.o(.text)
    I2C_Initializes                          0x08001955   Thumb Code    20  software_iic.o(.text)
    EEPROM_WriteByte                         0x08001969   Thumb Code    54  software_iic.o(.text)
    EEPROM_ReadByte                          0x0800199f   Thumb Code    76  software_iic.o(.text)
    Who_Am_I                                 0x080019eb   Thumb Code    16  software_iic.o(.text)
    SPI1_Init                                0x08001a01   Thumb Code   120  ads1256.o(.text)
    Init_ADS1256_GPIO                        0x08001a79   Thumb Code   110  ads1256.o(.text)
    SPI_WriteByte                            0x08001ae7   Thumb Code    54  ads1256.o(.text)
    ADS1256WREG                              0x08001b1d   Thumb Code    76  ads1256.o(.text)
    ADS1256_Init                             0x08001b69   Thumb Code   168  ads1256.o(.text)
    ADS1256ReadData                          0x08001c11   Thumb Code   166  ads1256.o(.text)
    STMFLASH_Unlock                          0x08001cc5   Thumb Code    12  stmflash.o(.text)
    STMFLASH_Lock                            0x08001cd1   Thumb Code    14  stmflash.o(.text)
    STMFLASH_GetStatus                       0x08001cdf   Thumb Code    38  stmflash.o(.text)
    STMFLASH_WaitDone                        0x08001d05   Thumb Code    42  stmflash.o(.text)
    STMFLASH_ErasePage                       0x08001d2f   Thumb Code    72  stmflash.o(.text)
    STMFLASH_WriteHalfWord                   0x08001d77   Thumb Code    58  stmflash.o(.text)
    STMFLASH_ReadHalfWord                    0x08001db1   Thumb Code     6  stmflash.o(.text)
    STMFLASH_Read_byte                       0x08001db7   Thumb Code     6  stmflash.o(.text)
    STMFLASH_Write_NoCheck                   0x08001dbd   Thumb Code    38  stmflash.o(.text)
    STMFLASH_Read                            0x08001de3   Thumb Code    34  stmflash.o(.text)
    STMFLASH_Write                           0x08001e05   Thumb Code   224  stmflash.o(.text)
    STMFLASH_Read_byte_n                     0x08001ee5   Thumb Code    32  stmflash.o(.text)
    Test_Write                               0x08001f05   Thumb Code    16  stmflash.o(.text)
    read_my_para                             0x08001f15   Thumb Code    16  stmflash.o(.text)
    reinit_para                              0x08001f25   Thumb Code     4  stmflash.o(.text)
    para_setting                             0x08001f29   Thumb Code    46  stmflash.o(.text)
    para_save                                0x08001f57   Thumb Code    66  stmflash.o(.text)
    SOC_save                                 0x08001f99   Thumb Code    68  stmflash.o(.text)
    reinit_soc                               0x08001fdd   Thumb Code    24  stmflash.o(.text)
    soc_setting                              0x08001ff5   Thumb Code   428  stmflash.o(.text)
    LED_GPIO_Config                          0x080021c9   Thumb Code   142  led.o(.text)
    SystemInit                               0x0800234d   Thumb Code    70  system_stm32f10x.o(.text)
    SystemInit_ExtMemCtl                     0x080023a5   Thumb Code     2  startup_stm32f10x_hd.o(.text)
    Reset_Handler                            0x080023a7   Thumb Code    14  startup_stm32f10x_hd.o(.text)
    ADC1_2_IRQHandler                        0x080023c7   Thumb Code     0  startup_stm32f10x_hd.o(.text)
    ADC3_IRQHandler                          0x080023c7   Thumb Code     0  startup_stm32f10x_hd.o(.text)
    CAN1_RX1_IRQHandler                      0x080023c7   Thumb Code     0  startup_stm32f10x_hd.o(.text)
    CAN1_SCE_IRQHandler                      0x080023c7   Thumb Code     0  startup_stm32f10x_hd.o(.text)
    DMA1_Channel1_IRQHandler                 0x080023c7   Thumb Code     0  startup_stm32f10x_hd.o(.text)
    DMA1_Channel2_IRQHandler                 0x080023c7   Thumb Code     0  startup_stm32f10x_hd.o(.text)
    DMA1_Channel3_IRQHandler                 0x080023c7   Thumb Code     0  startup_stm32f10x_hd.o(.text)
    DMA1_Channel4_IRQHandler                 0x080023c7   Thumb Code     0  startup_stm32f10x_hd.o(.text)
    DMA1_Channel5_IRQHandler                 0x080023c7   Thumb Code     0  startup_stm32f10x_hd.o(.text)
    DMA1_Channel6_IRQHandler                 0x080023c7   Thumb Code     0  startup_stm32f10x_hd.o(.text)
    DMA1_Channel7_IRQHandler                 0x080023c7   Thumb Code     0  startup_stm32f10x_hd.o(.text)
    DMA2_Channel1_IRQHandler                 0x080023c7   Thumb Code     0  startup_stm32f10x_hd.o(.text)
    DMA2_Channel2_IRQHandler                 0x080023c7   Thumb Code     0  startup_stm32f10x_hd.o(.text)
    DMA2_Channel3_IRQHandler                 0x080023c7   Thumb Code     0  startup_stm32f10x_hd.o(.text)
    DMA2_Channel4_5_IRQHandler               0x080023c7   Thumb Code     0  startup_stm32f10x_hd.o(.text)
    EXTI0_IRQHandler                         0x080023c7   Thumb Code     0  startup_stm32f10x_hd.o(.text)
    EXTI15_10_IRQHandler                     0x080023c7   Thumb Code     0  startup_stm32f10x_hd.o(.text)
    EXTI1_IRQHandler                         0x080023c7   Thumb Code     0  startup_stm32f10x_hd.o(.text)
    EXTI2_IRQHandler                         0x080023c7   Thumb Code     0  startup_stm32f10x_hd.o(.text)
    EXTI3_IRQHandler                         0x080023c7   Thumb Code     0  startup_stm32f10x_hd.o(.text)
    EXTI4_IRQHandler                         0x080023c7   Thumb Code     0  startup_stm32f10x_hd.o(.text)
    EXTI9_5_IRQHandler                       0x080023c7   Thumb Code     0  startup_stm32f10x_hd.o(.text)
    FLASH_IRQHandler                         0x080023c7   Thumb Code     0  startup_stm32f10x_hd.o(.text)
    FSMC_IRQHandler                          0x080023c7   Thumb Code     0  startup_stm32f10x_hd.o(.text)
    I2C1_ER_IRQHandler                       0x080023c7   Thumb Code     0  startup_stm32f10x_hd.o(.text)
    I2C1_EV_IRQHandler                       0x080023c7   Thumb Code     0  startup_stm32f10x_hd.o(.text)
    I2C2_ER_IRQHandler                       0x080023c7   Thumb Code     0  startup_stm32f10x_hd.o(.text)
    I2C2_EV_IRQHandler                       0x080023c7   Thumb Code     0  startup_stm32f10x_hd.o(.text)
    PVD_IRQHandler                           0x080023c7   Thumb Code     0  startup_stm32f10x_hd.o(.text)
    RCC_IRQHandler                           0x080023c7   Thumb Code     0  startup_stm32f10x_hd.o(.text)
    RTCAlarm_IRQHandler                      0x080023c7   Thumb Code     0  startup_stm32f10x_hd.o(.text)
    RTC_IRQHandler                           0x080023c7   Thumb Code     0  startup_stm32f10x_hd.o(.text)
    SDIO_IRQHandler                          0x080023c7   Thumb Code     0  startup_stm32f10x_hd.o(.text)
    SPI1_IRQHandler                          0x080023c7   Thumb Code     0  startup_stm32f10x_hd.o(.text)
    SPI2_IRQHandler                          0x080023c7   Thumb Code     0  startup_stm32f10x_hd.o(.text)
    SPI3_IRQHandler                          0x080023c7   Thumb Code     0  startup_stm32f10x_hd.o(.text)
    TAMPER_IRQHandler                        0x080023c7   Thumb Code     0  startup_stm32f10x_hd.o(.text)
    TIM1_BRK_IRQHandler                      0x080023c7   Thumb Code     0  startup_stm32f10x_hd.o(.text)
    TIM1_CC_IRQHandler                       0x080023c7   Thumb Code     0  startup_stm32f10x_hd.o(.text)
    TIM1_TRG_COM_IRQHandler                  0x080023c7   Thumb Code     0  startup_stm32f10x_hd.o(.text)
    TIM1_UP_IRQHandler                       0x080023c7   Thumb Code     0  startup_stm32f10x_hd.o(.text)
    TIM2_IRQHandler                          0x080023c7   Thumb Code     0  startup_stm32f10x_hd.o(.text)
    TIM3_IRQHandler                          0x080023c7   Thumb Code     0  startup_stm32f10x_hd.o(.text)
    TIM4_IRQHandler                          0x080023c7   Thumb Code     0  startup_stm32f10x_hd.o(.text)
    TIM5_IRQHandler                          0x080023c7   Thumb Code     0  startup_stm32f10x_hd.o(.text)
    TIM6_IRQHandler                          0x080023c7   Thumb Code     0  startup_stm32f10x_hd.o(.text)
    TIM7_IRQHandler                          0x080023c7   Thumb Code     0  startup_stm32f10x_hd.o(.text)
    TIM8_BRK_IRQHandler                      0x080023c7   Thumb Code     0  startup_stm32f10x_hd.o(.text)
    TIM8_CC_IRQHandler                       0x080023c7   Thumb Code     0  startup_stm32f10x_hd.o(.text)
    TIM8_TRG_COM_IRQHandler                  0x080023c7   Thumb Code     0  startup_stm32f10x_hd.o(.text)
    TIM8_UP_IRQHandler                       0x080023c7   Thumb Code     0  startup_stm32f10x_hd.o(.text)
    UART4_IRQHandler                         0x080023c7   Thumb Code     0  startup_stm32f10x_hd.o(.text)
    UART5_IRQHandler                         0x080023c7   Thumb Code     0  startup_stm32f10x_hd.o(.text)
    USBWakeUp_IRQHandler                     0x080023c7   Thumb Code     0  startup_stm32f10x_hd.o(.text)
    USB_HP_CAN1_TX_IRQHandler                0x080023c7   Thumb Code     0  startup_stm32f10x_hd.o(.text)
    WWDG_IRQHandler                          0x080023c7   Thumb Code     0  startup_stm32f10x_hd.o(.text)
    __user_initial_stackheap                 0x080023c9   Thumb Code     0  startup_stm32f10x_hd.o(.text)
    NVIC_PriorityGroupConfig                 0x080023f1   Thumb Code    10  misc.o(.text)
    NVIC_Init                                0x080023fb   Thumb Code   100  misc.o(.text)
    NVIC_SetVectorTable                      0x0800245f   Thumb Code    14  misc.o(.text)
    NVIC_SystemLPConfig                      0x0800246d   Thumb Code    34  misc.o(.text)
    SysTick_CLKSourceConfig                  0x0800248f   Thumb Code    40  misc.o(.text)
    CAN_DeInit                               0x080024cd   Thumb Code    50  stm32f10x_can.o(.text)
    CAN_Init                                 0x080024ff   Thumb Code   276  stm32f10x_can.o(.text)
    CAN_FilterInit                           0x08002613   Thumb Code   258  stm32f10x_can.o(.text)
    CAN_StructInit                           0x08002715   Thumb Code    32  stm32f10x_can.o(.text)
    CAN_SlaveStartBank                       0x08002735   Thumb Code    48  stm32f10x_can.o(.text)
    CAN_ITConfig                             0x08002765   Thumb Code    18  stm32f10x_can.o(.text)
    CAN_Transmit                             0x08002777   Thumb Code   294  stm32f10x_can.o(.text)
    CAN_TransmitStatus                       0x0800289d   Thumb Code   150  stm32f10x_can.o(.text)
    CAN_CancelTransmit                       0x08002933   Thumb Code    48  stm32f10x_can.o(.text)
    CAN_FIFORelease                          0x08002963   Thumb Code    14  stm32f10x_can.o(.text)
    CAN_MessagePending                       0x08002971   Thumb Code    30  stm32f10x_can.o(.text)
    CAN_Receive                              0x0800298f   Thumb Code   234  stm32f10x_can.o(.text)
    CAN_DBGFreeze                            0x08002a79   Thumb Code    22  stm32f10x_can.o(.text)
    CAN_Sleep                                0x08002a8f   Thumb Code    30  stm32f10x_can.o(.text)
    CAN_WakeUp                               0x08002aad   Thumb Code    48  stm32f10x_can.o(.text)
    CAN_GetFlagStatus                        0x08002add   Thumb Code    18  stm32f10x_can.o(.text)
    CAN_ClearFlag                            0x08002aef   Thumb Code     8  stm32f10x_can.o(.text)
    CAN_GetITStatus                          0x08002b09   Thumb Code   238  stm32f10x_can.o(.text)
    CAN_ClearITPendingBit                    0x08002bf7   Thumb Code   166  stm32f10x_can.o(.text)
    GPIO_DeInit                              0x08002c9d   Thumb Code   172  stm32f10x_gpio.o(.text)
    GPIO_AFIODeInit                          0x08002d49   Thumb Code    20  stm32f10x_gpio.o(.text)
    GPIO_Init                                0x08002d5d   Thumb Code   278  stm32f10x_gpio.o(.text)
    GPIO_StructInit                          0x08002e73   Thumb Code    16  stm32f10x_gpio.o(.text)
    GPIO_ReadInputDataBit                    0x08002e83   Thumb Code    18  stm32f10x_gpio.o(.text)
    GPIO_ReadInputData                       0x08002e95   Thumb Code     8  stm32f10x_gpio.o(.text)
    GPIO_ReadOutputDataBit                   0x08002e9d   Thumb Code    18  stm32f10x_gpio.o(.text)
    GPIO_ReadOutputData                      0x08002eaf   Thumb Code     8  stm32f10x_gpio.o(.text)
    GPIO_SetBits                             0x08002eb7   Thumb Code     4  stm32f10x_gpio.o(.text)
    GPIO_ResetBits                           0x08002ebb   Thumb Code     4  stm32f10x_gpio.o(.text)
    GPIO_WriteBit                            0x08002ebf   Thumb Code    10  stm32f10x_gpio.o(.text)
    GPIO_Write                               0x08002ec9   Thumb Code     4  stm32f10x_gpio.o(.text)
    GPIO_PinLockConfig                       0x08002ecd   Thumb Code    18  stm32f10x_gpio.o(.text)
    GPIO_EventOutputConfig                   0x08002edf   Thumb Code    26  stm32f10x_gpio.o(.text)
    GPIO_EventOutputCmd                      0x08002ef9   Thumb Code     6  stm32f10x_gpio.o(.text)
    GPIO_PinRemapConfig                      0x08002eff   Thumb Code   106  stm32f10x_gpio.o(.text)
    GPIO_EXTILineConfig                      0x08002f69   Thumb Code    66  stm32f10x_gpio.o(.text)
    GPIO_ETH_MediaInterfaceConfig            0x08002fab   Thumb Code     8  stm32f10x_gpio.o(.text)
    RCC_DeInit                               0x08002fd9   Thumb Code    64  stm32f10x_rcc.o(.text)
    RCC_HSEConfig                            0x08003019   Thumb Code    70  stm32f10x_rcc.o(.text)
    RCC_GetFlagStatus                        0x0800305f   Thumb Code    56  stm32f10x_rcc.o(.text)
    RCC_WaitForHSEStartUp                    0x08003097   Thumb Code    56  stm32f10x_rcc.o(.text)
    RCC_AdjustHSICalibrationValue            0x080030cf   Thumb Code    20  stm32f10x_rcc.o(.text)
    RCC_HSICmd                               0x080030e3   Thumb Code     6  stm32f10x_rcc.o(.text)
    RCC_PLLConfig                            0x080030e9   Thumb Code    24  stm32f10x_rcc.o(.text)
    RCC_PLLCmd                               0x08003101   Thumb Code     6  stm32f10x_rcc.o(.text)
    RCC_SYSCLKConfig                         0x08003107   Thumb Code    18  stm32f10x_rcc.o(.text)
    RCC_GetSYSCLKSource                      0x08003119   Thumb Code    10  stm32f10x_rcc.o(.text)
    RCC_HCLKConfig                           0x08003123   Thumb Code    18  stm32f10x_rcc.o(.text)
    RCC_PCLK1Config                          0x08003135   Thumb Code    18  stm32f10x_rcc.o(.text)
    RCC_PCLK2Config                          0x08003147   Thumb Code    20  stm32f10x_rcc.o(.text)
    RCC_ITConfig                             0x0800315b   Thumb Code    26  stm32f10x_rcc.o(.text)
    RCC_USBCLKConfig                         0x08003175   Thumb Code     8  stm32f10x_rcc.o(.text)
    RCC_ADCCLKConfig                         0x0800317d   Thumb Code    18  stm32f10x_rcc.o(.text)
    RCC_LSEConfig                            0x0800318f   Thumb Code    50  stm32f10x_rcc.o(.text)
    RCC_LSICmd                               0x080031c1   Thumb Code     6  stm32f10x_rcc.o(.text)
    RCC_RTCCLKConfig                         0x080031c7   Thumb Code    12  stm32f10x_rcc.o(.text)
    RCC_RTCCLKCmd                            0x080031d3   Thumb Code     8  stm32f10x_rcc.o(.text)
    RCC_GetClocksFreq                        0x080031db   Thumb Code   192  stm32f10x_rcc.o(.text)
    RCC_AHBPeriphClockCmd                    0x0800329b   Thumb Code    26  stm32f10x_rcc.o(.text)
    RCC_APB2PeriphClockCmd                   0x080032b5   Thumb Code    26  stm32f10x_rcc.o(.text)
    RCC_APB1PeriphClockCmd                   0x080032cf   Thumb Code    26  stm32f10x_rcc.o(.text)
    RCC_APB2PeriphResetCmd                   0x080032e9   Thumb Code    26  stm32f10x_rcc.o(.text)
    RCC_APB1PeriphResetCmd                   0x08003303   Thumb Code    26  stm32f10x_rcc.o(.text)
    RCC_BackupResetCmd                       0x0800331d   Thumb Code     8  stm32f10x_rcc.o(.text)
    RCC_ClockSecuritySystemCmd               0x08003325   Thumb Code     6  stm32f10x_rcc.o(.text)
    RCC_MCOConfig                            0x0800332b   Thumb Code     6  stm32f10x_rcc.o(.text)
    RCC_ClearFlag                            0x08003331   Thumb Code    14  stm32f10x_rcc.o(.text)
    RCC_GetITStatus                          0x0800333f   Thumb Code    20  stm32f10x_rcc.o(.text)
    RCC_ClearITPendingBit                    0x08003353   Thumb Code     6  stm32f10x_rcc.o(.text)
    SPI_I2S_DeInit                           0x0800337d   Thumb Code    76  stm32f10x_spi.o(.text)
    SPI_Init                                 0x080033c9   Thumb Code    60  stm32f10x_spi.o(.text)
    I2S_Init                                 0x08003405   Thumb Code   226  stm32f10x_spi.o(.text)
    SPI_StructInit                           0x080034e7   Thumb Code    24  stm32f10x_spi.o(.text)
    I2S_StructInit                           0x080034ff   Thumb Code    20  stm32f10x_spi.o(.text)
    SPI_Cmd                                  0x08003513   Thumb Code    24  stm32f10x_spi.o(.text)
    I2S_Cmd                                  0x0800352b   Thumb Code    24  stm32f10x_spi.o(.text)
    SPI_I2S_ITConfig                         0x08003543   Thumb Code    32  stm32f10x_spi.o(.text)
    SPI_I2S_DMACmd                           0x08003563   Thumb Code    18  stm32f10x_spi.o(.text)
    SPI_I2S_SendData                         0x08003575   Thumb Code     4  stm32f10x_spi.o(.text)
    SPI_I2S_ReceiveData                      0x08003579   Thumb Code     6  stm32f10x_spi.o(.text)
    SPI_NSSInternalSoftwareConfig            0x0800357f   Thumb Code    30  stm32f10x_spi.o(.text)
    SPI_SSOutputCmd                          0x0800359d   Thumb Code    24  stm32f10x_spi.o(.text)
    SPI_DataSizeConfig                       0x080035b5   Thumb Code    18  stm32f10x_spi.o(.text)
    SPI_TransmitCRC                          0x080035c7   Thumb Code    10  stm32f10x_spi.o(.text)
    SPI_CalculateCRC                         0x080035d1   Thumb Code    24  stm32f10x_spi.o(.text)
    SPI_GetCRC                               0x080035e9   Thumb Code    16  stm32f10x_spi.o(.text)
    SPI_GetCRCPolynomial                     0x080035f9   Thumb Code     6  stm32f10x_spi.o(.text)
    SPI_BiDirectionalLineConfig              0x080035ff   Thumb Code    28  stm32f10x_spi.o(.text)
    SPI_I2S_GetFlagStatus                    0x0800361b   Thumb Code    18  stm32f10x_spi.o(.text)
    SPI_I2S_ClearFlag                        0x0800362d   Thumb Code     6  stm32f10x_spi.o(.text)
    SPI_I2S_GetITStatus                      0x08003633   Thumb Code    52  stm32f10x_spi.o(.text)
    SPI_I2S_ClearITPendingBit                0x08003667   Thumb Code    20  stm32f10x_spi.o(.text)
    USART_DeInit                             0x08003689   Thumb Code   134  stm32f10x_usart.o(.text)
    USART_Init                               0x0800370f   Thumb Code   156  stm32f10x_usart.o(.text)
    USART_StructInit                         0x080037ab   Thumb Code    24  stm32f10x_usart.o(.text)
    USART_ClockInit                          0x080037c3   Thumb Code    34  stm32f10x_usart.o(.text)
    USART_ClockStructInit                    0x080037e5   Thumb Code    12  stm32f10x_usart.o(.text)
    USART_Cmd                                0x080037f1   Thumb Code    24  stm32f10x_usart.o(.text)
    USART_ITConfig                           0x08003809   Thumb Code    74  stm32f10x_usart.o(.text)
    USART_DMACmd                             0x08003853   Thumb Code    18  stm32f10x_usart.o(.text)
    USART_SetAddress                         0x08003865   Thumb Code    18  stm32f10x_usart.o(.text)
    USART_WakeUpConfig                       0x08003877   Thumb Code    18  stm32f10x_usart.o(.text)
    USART_ReceiverWakeUpCmd                  0x08003889   Thumb Code    24  stm32f10x_usart.o(.text)
    USART_LINBreakDetectLengthConfig         0x080038a1   Thumb Code    18  stm32f10x_usart.o(.text)
    USART_LINCmd                             0x080038b3   Thumb Code    24  stm32f10x_usart.o(.text)
    USART_SendData                           0x080038cb   Thumb Code     8  stm32f10x_usart.o(.text)
    USART_ReceiveData                        0x080038d3   Thumb Code    10  stm32f10x_usart.o(.text)
    USART_SendBreak                          0x080038dd   Thumb Code    10  stm32f10x_usart.o(.text)
    USART_SetGuardTime                       0x080038e7   Thumb Code    16  stm32f10x_usart.o(.text)
    USART_SetPrescaler                       0x080038f7   Thumb Code    16  stm32f10x_usart.o(.text)
    USART_SmartCardCmd                       0x08003907   Thumb Code    24  stm32f10x_usart.o(.text)
    USART_SmartCardNACKCmd                   0x0800391f   Thumb Code    24  stm32f10x_usart.o(.text)
    USART_HalfDuplexCmd                      0x08003937   Thumb Code    24  stm32f10x_usart.o(.text)
    USART_IrDAConfig                         0x0800394f   Thumb Code    18  stm32f10x_usart.o(.text)
    USART_IrDACmd                            0x08003961   Thumb Code    24  stm32f10x_usart.o(.text)
    USART_GetFlagStatus                      0x08003979   Thumb Code    26  stm32f10x_usart.o(.text)
    USART_ClearFlag                          0x08003993   Thumb Code    18  stm32f10x_usart.o(.text)
    USART_GetITStatus                        0x080039a5   Thumb Code    84  stm32f10x_usart.o(.text)
    USART_ClearITPendingBit                  0x080039f9   Thumb Code    30  stm32f10x_usart.o(.text)
    __use_no_semihosting                     0x08003a2d   Thumb Code     2  use_no_semi_2.o(.text)
    __2sprintf                               0x08003a31   Thumb Code    34  noretval__2sprintf.o(.text)
    _printf_pre_padding                      0x08003a59   Thumb Code    44  _printf_pad.o(.text)
    _printf_post_padding                     0x08003a85   Thumb Code    34  _printf_pad.o(.text)
    _printf_int_dec                          0x08003aa9   Thumb Code   104  _printf_dec.o(.text)
    _printf_int_hex                          0x08003b21   Thumb Code    84  _printf_hex_int.o(.text)
    _printf_longlong_hex                     0x08003b21   Thumb Code     0  _printf_hex_int.o(.text)
    __printf                                 0x08003b79   Thumb Code   270  __printf_wp.o(.text)
    strlen                                   0x08003c87   Thumb Code    62  strlen.o(.text)
    __use_two_region_memory                  0x08003cc5   Thumb Code     2  heapauxi.o(.text)
    __rt_heap_escrow$2region                 0x08003cc7   Thumb Code     2  heapauxi.o(.text)
    __rt_heap_expand$2region                 0x08003cc9   Thumb Code     2  heapauxi.o(.text)
    __I$use$semihosting                      0x08003ccb   Thumb Code     0  use_no_semi.o(.text)
    __use_no_semihosting_swi                 0x08003ccb   Thumb Code     2  use_no_semi.o(.text)
    _printf_int_common                       0x08003ccd   Thumb Code   178  _printf_intcommon.o(.text)
    __lib_sel_fp_printf                      0x08003d7f   Thumb Code     2  _printf_fp_dec.o(.text)
    _printf_fp_dec_real                      0x08003f31   Thumb Code   620  _printf_fp_dec.o(.text)
    _printf_char_common                      0x080041a7   Thumb Code    32  _printf_char_common.o(.text)
    _sputc                                   0x080041cd   Thumb Code    10  _sputc.o(.text)
    __rt_locale                              0x080041d9   Thumb Code     8  rt_locale_intlibspace.o(.text)
    _ll_udiv10                               0x080041e1   Thumb Code   138  lludiv10.o(.text)
    _printf_fp_infnan                        0x0800426d   Thumb Code   112  _printf_fp_infnan.o(.text)
    _btod_etento                             0x080042ed   Thumb Code   224  bigflt0.o(.text)
    __user_libspace                          0x080043d1   Thumb Code     8  libspace.o(.text)
    __user_perproc_libspace                  0x080043d1   Thumb Code     0  libspace.o(.text)
    __user_perthread_libspace                0x080043d1   Thumb Code     0  libspace.o(.text)
    __user_setup_stackheap                   0x080043d9   Thumb Code    74  sys_stackheap_outer.o(.text)
    exit                                     0x08004423   Thumb Code    18  exit.o(.text)
    strcmp                                   0x08004435   Thumb Code   128  strcmpv7m.o(.text)
    _btod_d2e                                0x080044b5   Thumb Code    62  btod.o(CL$$btod_d2e)
    _d2e_denorm_low                          0x080044f3   Thumb Code    70  btod.o(CL$$btod_d2e_denorm_low)
    _d2e_norm_op1                            0x08004539   Thumb Code    96  btod.o(CL$$btod_d2e_norm_op1)
    __btod_div_common                        0x08004599   Thumb Code   696  btod.o(CL$$btod_div_common)
    _e2e                                     0x080048d1   Thumb Code   220  btod.o(CL$$btod_e2e)
    _btod_ediv                               0x080049ad   Thumb Code    42  btod.o(CL$$btod_ediv)
    _btod_emul                               0x080049d7   Thumb Code    42  btod.o(CL$$btod_emul)
    __btod_mult_common                       0x08004a01   Thumb Code   580  btod.o(CL$$btod_mult_common)
    __ARM_fpclassify                         0x08004c45   Thumb Code    40  fpclassify.o(i.__ARM_fpclassify)
    _is_digit                                0x08004c6d   Thumb Code    14  __printf_wp.o(i._is_digit)
    _get_lc_numeric                          0x08004c7d   Thumb Code    44  lc_numeric_c.o(locale$$code)
    __aeabi_d2f                              0x08004ca9   Thumb Code     0  d2f.o(x$fpl$d2f)
    _d2f                                     0x08004ca9   Thumb Code    98  d2f.o(x$fpl$d2f)
    __aeabi_i2d                              0x08004d0b   Thumb Code     0  dflt_clz.o(x$fpl$dflt)
    _dflt                                    0x08004d0b   Thumb Code    46  dflt_clz.o(x$fpl$dflt)
    __aeabi_dmul                             0x08004d39   Thumb Code     0  dmul.o(x$fpl$dmul)
    _dmul                                    0x08004d39   Thumb Code   332  dmul.o(x$fpl$dmul)
    __fpl_dnaninf                            0x08004e8d   Thumb Code   156  dnaninf.o(x$fpl$dnaninf)
    __fpl_dretinf                            0x08004f29   Thumb Code    12  dretinf.o(x$fpl$dretinf)
    __aeabi_f2d                              0x08004f35   Thumb Code     0  f2d.o(x$fpl$f2d)
    _f2d                                     0x08004f35   Thumb Code    86  f2d.o(x$fpl$f2d)
    __fpl_fnaninf                            0x08004f8b   Thumb Code   140  fnaninf.o(x$fpl$fnaninf)
    __fpl_fretinf                            0x08005017   Thumb Code    10  fretinf.o(x$fpl$fretinf)
    _printf_fp_dec                           0x08005021   Thumb Code     4  printf1.o(x$fpl$printf1)
    __I$use$fp                               0x08005024   Number         0  usenofp.o(x$fpl$usenofp)
    Region$$Table$$Base                      0x080050e0   Number         0  anon$$obj.o(Region$$Table)
    Region$$Table$$Limit                     0x08005100   Number         0  anon$$obj.o(Region$$Table)
    v_r_value                                0x20000000   Data           1  main.o(.data)
    i_r_value                                0x20000001   Data           1  main.o(.data)
    my_addr                                  0x20000002   Data           1  main.o(.data)
    n                                        0x20000003   Data           1  main.o(.data)
    ret                                      0x20000004   Data           4  main.o(.data)
    TestRx                                   0x20000008   Data           1  main.o(.data)
    HSEStartUpStatus                         0x20000009   Data           1  main.o(.data)
    hex3                                     0x2000000a   Data           2  main.o(.data)
    hex2                                     0x2000000c   Data           2  main.o(.data)
    hex1                                     0x2000000e   Data           2  main.o(.data)
    dat                                      0x20000010   Data           3  main.o(.data)
    CRM_data                                 0x20000013   Data           8  main.o(.data)
    TPCM_RTS_data                            0x2000001b   Data           8  main.o(.data)
    TPCM_CTS_data                            0x20000023   Data           8  main.o(.data)
    TPCM_DT_data1                            0x2000002b   Data           8  main.o(.data)
    TPCM_DT_data2                            0x20000033   Data           8  main.o(.data)
    TPCM_DT_data3                            0x2000003b   Data           8  main.o(.data)
    TPCM_DT_data4                            0x20000043   Data           8  main.o(.data)
    TPCM_DT_data5                            0x2000004b   Data           8  main.o(.data)
    TPCM_DT_data6                            0x20000053   Data           8  main.o(.data)
    CRM2_data                                0x2000005b   Data           8  main.o(.data)
    TPCM_RTS2_data                           0x20000063   Data           8  main.o(.data)
    TPCM_CTS2_data                           0x2000006b   Data           8  main.o(.data)
    TPCM_DT2_data1                           0x20000073   Data           8  main.o(.data)
    TPCM_DT2_data2                           0x2000007b   Data           8  main.o(.data)
    TPCM_EM                                  0x20000083   Data           8  main.o(.data)
    CCS                                      0x2000008b   Data           8  main.o(.data)
    BSM                                      0x20000093   Data           8  main.o(.data)
    my_bcl_data                              0x2000009b   Data           8  main.o(.data)
    my_para                                  0x200000a4   Data           4  main.o(.data)
    my_soc                                   0x200000a8   Data           4  main.o(.data)
    Adc                                      0x200000ac   Data           4  main.o(.data)
    cnt                                      0x200000b0   Data           1  main.o(.data)
    fac_ms                                   0x200000b2   Data           2  delay.o(.data)
    fac_us                                   0x200000b4   Data           1  delay.o(.data)
    __stdout                                 0x200000b8   Data           4  uart.o(.data)
    index_uart                               0x200000bc   Data           1  uart.o(.data)
    uart_buffer_head_ok                      0x200000bd   Data           1  uart.o(.data)
    cmd_in                                   0x200000be   Data           1  uart.o(.data)
    index_uart2                              0x200000bf   Data           1  uart.o(.data)
    uart_buffer_head_ok2                     0x200000c0   Data           1  uart.o(.data)
    cmd_in2                                  0x200000c1   Data           1  uart.o(.data)
    bq_cmd_type                              0x200000c2   Data           1  uart.o(.data)
    max_board_num                            0x200000c3   Data           1  uart.o(.data)
    board_addr_rd_ok                         0x200000c4   Data           1  uart.o(.data)
    wCRC16Table                              0x200000c8   Data        1024  uart.o(.data)
    index_uart3                              0x200004c8   Data           1  uart.o(.data)
    uart_buffer_head_ok3                     0x200004c9   Data           1  uart.o(.data)
    cmd_in3                                  0x200004ca   Data           1  uart.o(.data)
    para_checksum                            0x200004cc   Data           4  stmflash.o(.data)
    para_checksum_read                       0x200004d0   Data           4  stmflash.o(.data)
    Ad_data                                  0x200004e8   Data          32  main.o(.bss)
    Volts                                    0x20000508   Data          32  main.o(.bss)
    message                                  0x20000528   Data         300  main.o(.bss)
    RxMessage                                0x20000654   Data          20  main.o(.bss)
    my_para_real                             0x20000668   Data          56  main.o(.bss)
    my_soc_real                              0x200006a0   Data          16  main.o(.bss)
    uart_rec_buffer                          0x200006b0   Data         100  uart.o(.bss)
    uart_rec_buffer2                         0x20000714   Data         100  uart.o(.bss)
    uart_rec_buffer3                         0x20000778   Data         100  uart.o(.bss)
    STMFLASH_BUF                             0x200007dc   Data        1024  stmflash.o(.bss)
    __libspace_start                         0x20000bdc   Data          96  libspace.o(.bss)
    __temporary_stack_top$libspace           0x20000c3c   Data           0  libspace.o(.bss)



==============================================================================

Memory Map of the image

  Image Entry point : 0x08000131

  Load Region LR_IROM1 (Base: 0x08000000, Size: 0x00005604, Max: 0x00080000, ABSOLUTE, COMPRESSED[0x00005474])

    Execution Region ER_IROM1 (Exec base: 0x08000000, Load base: 0x08000000, Size: 0x0000511c, Max: 0x00080000, ABSOLUTE)

    Exec Addr    Load Addr    Size         Type   Attr      Idx    E Section Name        Object

    0x08000000   0x08000000   0x00000130   Data   RO          297    RESET               startup_stm32f10x_hd.o
    0x08000130   0x08000130   0x00000008   Code   RO          637  * !!!main             c_w.l(__main.o)
    0x08000138   0x08000138   0x00000034   Code   RO          873    !!!scatter          c_w.l(__scatter.o)
    0x0800016c   0x0800016c   0x0000005a   Code   RO          871    !!dczerorl2         c_w.l(__dczerorl2.o)
    0x080001c6   0x080001c6   0x00000002   PAD
    0x080001c8   0x080001c8   0x0000001c   Code   RO          875    !!handler_zi        c_w.l(__scatter_zi.o)
    0x080001e4   0x080001e4   0x00000000   Code   RO          632    .ARM.Collect$$_printf_percent$$00000000  c_w.l(_printf_percent.o)
    0x080001e4   0x080001e4   0x00000006   Code   RO          631    .ARM.Collect$$_printf_percent$$00000003  c_w.l(_printf_f.o)
    0x080001ea   0x080001ea   0x00000006   Code   RO          630    .ARM.Collect$$_printf_percent$$00000009  c_w.l(_printf_d.o)
    0x080001f0   0x080001f0   0x00000006   Code   RO          629    .ARM.Collect$$_printf_percent$$0000000C  c_w.l(_printf_x.o)
    0x080001f6   0x080001f6   0x00000004   Code   RO          664    .ARM.Collect$$_printf_percent$$00000017  c_w.l(_printf_percent_end.o)
    0x080001fa   0x080001fa   0x00000002   Code   RO          746    .ARM.Collect$$libinit$$00000000  c_w.l(libinit.o)
    0x080001fc   0x080001fc   0x00000000   Code   RO          748    .ARM.Collect$$libinit$$00000002  c_w.l(libinit2.o)
    0x080001fc   0x080001fc   0x00000000   Code   RO          750    .ARM.Collect$$libinit$$00000004  c_w.l(libinit2.o)
    0x080001fc   0x080001fc   0x00000000   Code   RO          753    .ARM.Collect$$libinit$$0000000A  c_w.l(libinit2.o)
    0x080001fc   0x080001fc   0x00000000   Code   RO          755    .ARM.Collect$$libinit$$0000000C  c_w.l(libinit2.o)
    0x080001fc   0x080001fc   0x00000000   Code   RO          757    .ARM.Collect$$libinit$$0000000E  c_w.l(libinit2.o)
    0x080001fc   0x080001fc   0x00000006   Code   RO          758    .ARM.Collect$$libinit$$0000000F  c_w.l(libinit2.o)
    0x08000202   0x08000202   0x00000000   Code   RO          760    .ARM.Collect$$libinit$$00000011  c_w.l(libinit2.o)
    0x08000202   0x08000202   0x00000000   Code   RO          762    .ARM.Collect$$libinit$$00000013  c_w.l(libinit2.o)
    0x08000202   0x08000202   0x00000000   Code   RO          764    .ARM.Collect$$libinit$$00000015  c_w.l(libinit2.o)
    0x08000202   0x08000202   0x0000000a   Code   RO          765    .ARM.Collect$$libinit$$00000016  c_w.l(libinit2.o)
    0x0800020c   0x0800020c   0x00000000   Code   RO          766    .ARM.Collect$$libinit$$00000017  c_w.l(libinit2.o)
    0x0800020c   0x0800020c   0x00000000   Code   RO          768    .ARM.Collect$$libinit$$00000019  c_w.l(libinit2.o)
    0x0800020c   0x0800020c   0x00000000   Code   RO          770    .ARM.Collect$$libinit$$0000001B  c_w.l(libinit2.o)
    0x0800020c   0x0800020c   0x00000000   Code   RO          772    .ARM.Collect$$libinit$$0000001D  c_w.l(libinit2.o)
    0x0800020c   0x0800020c   0x00000000   Code   RO          774    .ARM.Collect$$libinit$$0000001F  c_w.l(libinit2.o)
    0x0800020c   0x0800020c   0x00000000   Code   RO          776    .ARM.Collect$$libinit$$00000021  c_w.l(libinit2.o)
    0x0800020c   0x0800020c   0x00000000   Code   RO          778    .ARM.Collect$$libinit$$00000023  c_w.l(libinit2.o)
    0x0800020c   0x0800020c   0x00000000   Code   RO          780    .ARM.Collect$$libinit$$00000025  c_w.l(libinit2.o)
    0x0800020c   0x0800020c   0x00000000   Code   RO          784    .ARM.Collect$$libinit$$0000002C  c_w.l(libinit2.o)
    0x0800020c   0x0800020c   0x00000000   Code   RO          786    .ARM.Collect$$libinit$$0000002E  c_w.l(libinit2.o)
    0x0800020c   0x0800020c   0x00000000   Code   RO          788    .ARM.Collect$$libinit$$00000030  c_w.l(libinit2.o)
    0x0800020c   0x0800020c   0x00000000   Code   RO          790    .ARM.Collect$$libinit$$00000032  c_w.l(libinit2.o)
    0x0800020c   0x0800020c   0x00000002   Code   RO          791    .ARM.Collect$$libinit$$00000033  c_w.l(libinit2.o)
    0x0800020e   0x0800020e   0x00000002   Code   RO          819    .ARM.Collect$$libshutdown$$00000000  c_w.l(libshutdown.o)
    0x08000210   0x08000210   0x00000000   Code   RO          828    .ARM.Collect$$libshutdown$$00000002  c_w.l(libshutdown2.o)
    0x08000210   0x08000210   0x00000000   Code   RO          830    .ARM.Collect$$libshutdown$$00000004  c_w.l(libshutdown2.o)
    0x08000210   0x08000210   0x00000000   Code   RO          832    .ARM.Collect$$libshutdown$$00000006  c_w.l(libshutdown2.o)
    0x08000210   0x08000210   0x00000000   Code   RO          835    .ARM.Collect$$libshutdown$$00000009  c_w.l(libshutdown2.o)
    0x08000210   0x08000210   0x00000000   Code   RO          838    .ARM.Collect$$libshutdown$$0000000C  c_w.l(libshutdown2.o)
    0x08000210   0x08000210   0x00000000   Code   RO          840    .ARM.Collect$$libshutdown$$0000000E  c_w.l(libshutdown2.o)
    0x08000210   0x08000210   0x00000000   Code   RO          843    .ARM.Collect$$libshutdown$$00000011  c_w.l(libshutdown2.o)
    0x08000210   0x08000210   0x00000002   Code   RO          844    .ARM.Collect$$libshutdown$$00000012  c_w.l(libshutdown2.o)
    0x08000212   0x08000212   0x00000000   Code   RO          655    .ARM.Collect$$rtentry$$00000000  c_w.l(__rtentry.o)
    0x08000212   0x08000212   0x00000000   Code   RO          675    .ARM.Collect$$rtentry$$00000002  c_w.l(__rtentry2.o)
    0x08000212   0x08000212   0x00000006   Code   RO          687    .ARM.Collect$$rtentry$$00000004  c_w.l(__rtentry4.o)
    0x08000218   0x08000218   0x00000000   Code   RO          677    .ARM.Collect$$rtentry$$00000009  c_w.l(__rtentry2.o)
    0x08000218   0x08000218   0x00000004   Code   RO          678    .ARM.Collect$$rtentry$$0000000A  c_w.l(__rtentry2.o)
    0x0800021c   0x0800021c   0x00000000   Code   RO          680    .ARM.Collect$$rtentry$$0000000C  c_w.l(__rtentry2.o)
    0x0800021c   0x0800021c   0x00000008   Code   RO          681    .ARM.Collect$$rtentry$$0000000D  c_w.l(__rtentry2.o)
    0x08000224   0x08000224   0x00000002   Code   RO          792    .ARM.Collect$$rtexit$$00000000  c_w.l(rtexit.o)
    0x08000226   0x08000226   0x00000000   Code   RO          799    .ARM.Collect$$rtexit$$00000002  c_w.l(rtexit2.o)
    0x08000226   0x08000226   0x00000004   Code   RO          800    .ARM.Collect$$rtexit$$00000003  c_w.l(rtexit2.o)
    0x0800022a   0x0800022a   0x00000006   Code   RO          801    .ARM.Collect$$rtexit$$00000004  c_w.l(rtexit2.o)
    0x08000230   0x08000230   0x00000f00   Code   RO            1    .text               main.o
    0x08001130   0x08001130   0x0000001a   Code   RO          129    .text               stm32f10x_it.o
    0x0800114a   0x0800114a   0x00000002   PAD
    0x0800114c   0x0800114c   0x000000c8   Code   RO          144    .text               delay.o
    0x08001214   0x08001214   0x000004e8   Code   RO          165    .text               uart.o
    0x080016fc   0x080016fc   0x00000304   Code   RO          189    .text               software_iic.o
    0x08001a00   0x08001a00   0x000002c4   Code   RO          201    .text               ads1256.o
    0x08001cc4   0x08001cc4   0x00000504   Code   RO          213    .text               stmflash.o
    0x080021c8   0x080021c8   0x000000a0   Code   RO          230    .text               led.o
    0x08002268   0x08002268   0x0000013c   Code   RO          259    .text               system_stm32f10x.o
    0x080023a4   0x080023a4   0x0000004c   Code   RO          298    .text               startup_stm32f10x_hd.o
    0x080023f0   0x080023f0   0x000000dc   Code   RO          302    .text               misc.o
    0x080024cc   0x080024cc   0x000007d0   Code   RO          338    .text               stm32f10x_can.o
    0x08002c9c   0x08002c9c   0x0000033c   Code   RO          437    .text               stm32f10x_gpio.o
    0x08002fd8   0x08002fd8   0x000003a4   Code   RO          485    .text               stm32f10x_rcc.o
    0x0800337c   0x0800337c   0x0000030c   Code   RO          526    .text               stm32f10x_spi.o
    0x08003688   0x08003688   0x000003a4   Code   RO          550    .text               stm32f10x_usart.o
    0x08003a2c   0x08003a2c   0x00000002   Code   RO          576    .text               c_w.l(use_no_semi_2.o)
    0x08003a2e   0x08003a2e   0x00000002   PAD
    0x08003a30   0x08003a30   0x00000028   Code   RO          580    .text               c_w.l(noretval__2sprintf.o)
    0x08003a58   0x08003a58   0x0000004e   Code   RO          584    .text               c_w.l(_printf_pad.o)
    0x08003aa6   0x08003aa6   0x00000002   PAD
    0x08003aa8   0x08003aa8   0x00000078   Code   RO          586    .text               c_w.l(_printf_dec.o)
    0x08003b20   0x08003b20   0x00000058   Code   RO          591    .text               c_w.l(_printf_hex_int.o)
    0x08003b78   0x08003b78   0x0000010e   Code   RO          617    .text               c_w.l(__printf_wp.o)
    0x08003c86   0x08003c86   0x0000003e   Code   RO          633    .text               c_w.l(strlen.o)
    0x08003cc4   0x08003cc4   0x00000006   Code   RO          635    .text               c_w.l(heapauxi.o)
    0x08003cca   0x08003cca   0x00000002   Code   RO          653    .text               c_w.l(use_no_semi.o)
    0x08003ccc   0x08003ccc   0x000000b2   Code   RO          656    .text               c_w.l(_printf_intcommon.o)
    0x08003d7e   0x08003d7e   0x0000041e   Code   RO          658    .text               c_w.l(_printf_fp_dec.o)
    0x0800419c   0x0800419c   0x00000030   Code   RO          660    .text               c_w.l(_printf_char_common.o)
    0x080041cc   0x080041cc   0x0000000a   Code   RO          662    .text               c_w.l(_sputc.o)
    0x080041d6   0x080041d6   0x00000002   PAD
    0x080041d8   0x080041d8   0x00000008   Code   RO          692    .text               c_w.l(rt_locale_intlibspace.o)
    0x080041e0   0x080041e0   0x0000008a   Code   RO          694    .text               c_w.l(lludiv10.o)
    0x0800426a   0x0800426a   0x00000002   PAD
    0x0800426c   0x0800426c   0x00000080   Code   RO          696    .text               c_w.l(_printf_fp_infnan.o)
    0x080042ec   0x080042ec   0x000000e4   Code   RO          700    .text               c_w.l(bigflt0.o)
    0x080043d0   0x080043d0   0x00000008   Code   RO          732    .text               c_w.l(libspace.o)
    0x080043d8   0x080043d8   0x0000004a   Code   RO          735    .text               c_w.l(sys_stackheap_outer.o)
    0x08004422   0x08004422   0x00000012   Code   RO          737    .text               c_w.l(exit.o)
    0x08004434   0x08004434   0x00000080   Code   RO          739    .text               c_w.l(strcmpv7m.o)
    0x080044b4   0x080044b4   0x0000003e   Code   RO          703    CL$$btod_d2e        c_w.l(btod.o)
    0x080044f2   0x080044f2   0x00000046   Code   RO          705    CL$$btod_d2e_denorm_low  c_w.l(btod.o)
    0x08004538   0x08004538   0x00000060   Code   RO          704    CL$$btod_d2e_norm_op1  c_w.l(btod.o)
    0x08004598   0x08004598   0x00000338   Code   RO          713    CL$$btod_div_common  c_w.l(btod.o)
    0x080048d0   0x080048d0   0x000000dc   Code   RO          710    CL$$btod_e2e        c_w.l(btod.o)
    0x080049ac   0x080049ac   0x0000002a   Code   RO          707    CL$$btod_ediv       c_w.l(btod.o)
    0x080049d6   0x080049d6   0x0000002a   Code   RO          706    CL$$btod_emul       c_w.l(btod.o)
    0x08004a00   0x08004a00   0x00000244   Code   RO          712    CL$$btod_mult_common  c_w.l(btod.o)
    0x08004c44   0x08004c44   0x00000028   Code   RO          730    i.__ARM_fpclassify  m_ws.l(fpclassify.o)
    0x08004c6c   0x08004c6c   0x0000000e   Code   RO          619    i._is_digit         c_w.l(__printf_wp.o)
    0x08004c7a   0x08004c7a   0x00000002   PAD
    0x08004c7c   0x08004c7c   0x0000002c   Code   RO          726    locale$$code        c_w.l(lc_numeric_c.o)
    0x08004ca8   0x08004ca8   0x00000062   Code   RO          639    x$fpl$d2f           fz_ws.l(d2f.o)
    0x08004d0a   0x08004d0a   0x0000002e   Code   RO          642    x$fpl$dflt          fz_ws.l(dflt_clz.o)
    0x08004d38   0x08004d38   0x00000154   Code   RO          647    x$fpl$dmul          fz_ws.l(dmul.o)
    0x08004e8c   0x08004e8c   0x0000009c   Code   RO          665    x$fpl$dnaninf       fz_ws.l(dnaninf.o)
    0x08004f28   0x08004f28   0x0000000c   Code   RO          667    x$fpl$dretinf       fz_ws.l(dretinf.o)
    0x08004f34   0x08004f34   0x00000056   Code   RO          649    x$fpl$f2d           fz_ws.l(f2d.o)
    0x08004f8a   0x08004f8a   0x0000008c   Code   RO          669    x$fpl$fnaninf       fz_ws.l(fnaninf.o)
    0x08005016   0x08005016   0x0000000a   Code   RO          671    x$fpl$fretinf       fz_ws.l(fretinf.o)
    0x08005020   0x08005020   0x00000004   Code   RO          651    x$fpl$printf1       fz_ws.l(printf1.o)
    0x08005024   0x08005024   0x00000000   Code   RO          673    x$fpl$usenofp       fz_ws.l(usenofp.o)
    0x08005024   0x08005024   0x00000028   Data   RO          592    .constdata          c_w.l(_printf_hex_int.o)
    0x0800504c   0x0800504c   0x00000094   Data   RO          701    .constdata          c_w.l(bigflt0.o)
    0x080050e0   0x080050e0   0x00000020   Data   RO          869    Region$$Table       anon$$obj.o
    0x08005100   0x08005100   0x0000001c   Data   RO          725    locale$$data        c_w.l(lc_numeric_c.o)


    Execution Region RW_IRAM1 (Exec base: 0x20000000, Load base: 0x0800511c, Size: 0x00001440, Max: 0x00010000, ABSOLUTE, COMPRESSED[0x00000358])

    Exec Addr    Load Addr    Size         Type   Attr      Idx    E Section Name        Object

    0x20000000   COMPRESSED   0x000000b1   Data   RW            3    .data               main.o
    0x200000b1   COMPRESSED   0x00000001   PAD
    0x200000b2   COMPRESSED   0x00000003   Data   RW          145    .data               delay.o
    0x200000b5   COMPRESSED   0x00000003   PAD
    0x200000b8   COMPRESSED   0x00000413   Data   RW          167    .data               uart.o
    0x200004cb   COMPRESSED   0x00000001   PAD
    0x200004cc   COMPRESSED   0x00000008   Data   RW          215    .data               stmflash.o
    0x200004d4   COMPRESSED   0x00000014   Data   RW          486    .data               stm32f10x_rcc.o
    0x200004e8        -       0x000001c8   Zero   RW            2    .bss                main.o
    0x200006b0        -       0x0000012c   Zero   RW          166    .bss                uart.o
    0x200007dc        -       0x00000400   Zero   RW          214    .bss                stmflash.o
    0x20000bdc        -       0x00000060   Zero   RW          733    .bss                c_w.l(libspace.o)
    0x20000c3c   COMPRESSED   0x00000004   PAD
    0x20000c40        -       0x00000400   Zero   RW          296    HEAP                startup_stm32f10x_hd.o
    0x20001040        -       0x00000400   Zero   RW          295    STACK               startup_stm32f10x_hd.o


==============================================================================

Image component sizes


      Code (inc. data)   RO Data    RW Data    ZI Data      Debug   Object Name

       708         14          0          0          0       1825   ads1256.o
         0          0          0          0          0         32   core_cm3.o
       200         10          0          3          0        967   delay.o
       160         18          0          0          0        514   led.o
      3840        564          0        177        456     251446   main.o
       220         22          0          0          0       1793   misc.o
       772          6          0          0          0       3560   software_iic.o
        76         30        304          0       2048        860   startup_stm32f10x_hd.o
      2000          8          0          0          0       7219   stm32f10x_can.o
       828         38          0          0          0       5625   stm32f10x_gpio.o
        26          0          0          0          0       1170   stm32f10x_it.o
       932         36          0         20          0       8872   stm32f10x_rcc.o
       780         14          0          0          0       6586   stm32f10x_spi.o
       932         22          0          0          0       7927   stm32f10x_usart.o
      1284        232          0          8       1024       5874   stmflash.o
       316         18          0          0          0       1165   system_stm32f10x.o
      1256         62          0       1043        300       8268   uart.o

    ----------------------------------------------------------------------
     14332       1094        336       1256       3828     313703   Object Totals
         0          0         32          0          0          0   (incl. Generated)
         2          0          0          5          0          0   (incl. Padding)

    ----------------------------------------------------------------------

      Code (inc. data)   RO Data    RW Data    ZI Data      Debug   Library Member Name

        90          0          0          0          0          0   __dczerorl2.o
         8          0          0          0          0         68   __main.o
       284          0          0          0          0        156   __printf_wp.o
         0          0          0          0          0          0   __rtentry.o
        12          0          0          0          0          0   __rtentry2.o
         6          0          0          0          0          0   __rtentry4.o
        52          8          0          0          0          0   __scatter.o
        28          0          0          0          0          0   __scatter_zi.o
        48          6          0          0          0         96   _printf_char_common.o
         6          0          0          0          0          0   _printf_d.o
       120         16          0          0          0         92   _printf_dec.o
         6          0          0          0          0          0   _printf_f.o
      1054          0          0          0          0        216   _printf_fp_dec.o
       128         16          0          0          0         84   _printf_fp_infnan.o
        88          4         40          0          0         88   _printf_hex_int.o
       178          0          0          0          0         88   _printf_intcommon.o
        78          0          0          0          0        108   _printf_pad.o
         0          0          0          0          0          0   _printf_percent.o
         4          0          0          0          0          0   _printf_percent_end.o
         6          0          0          0          0          0   _printf_x.o
        10          0          0          0          0         68   _sputc.o
       228          4        148          0          0         96   bigflt0.o
      1936        128          0          0          0        672   btod.o
        18          0          0          0          0         80   exit.o
         6          0          0          0          0        152   heapauxi.o
        44         10         28          0          0         76   lc_numeric_c.o
         2          0          0          0          0          0   libinit.o
        18          0          0          0          0          0   libinit2.o
         2          0          0          0          0          0   libshutdown.o
         2          0          0          0          0          0   libshutdown2.o
         8          4          0          0         96         68   libspace.o
       138          0          0          0          0         80   lludiv10.o
        40          6          0          0          0         84   noretval__2sprintf.o
         8          4          0          0          0         68   rt_locale_intlibspace.o
         2          0          0          0          0          0   rtexit.o
        10          0          0          0          0          0   rtexit2.o
       128          0          0          0          0         68   strcmpv7m.o
        62          0          0          0          0         76   strlen.o
        74          0          0          0          0         80   sys_stackheap_outer.o
         2          0          0          0          0         68   use_no_semi.o
         2          0          0          0          0         68   use_no_semi_2.o
        98          4          0          0          0         92   d2f.o
        46          0          0          0          0         68   dflt_clz.o
       340         12          0          0          0        104   dmul.o
       156          4          0          0          0         92   dnaninf.o
        12          0          0          0          0         68   dretinf.o
        86          4          0          0          0         84   f2d.o
       140          4          0          0          0         84   fnaninf.o
        10          0          0          0          0         68   fretinf.o
         4          0          0          0          0         68   printf1.o
         0          0          0          0          0          0   usenofp.o
        40          0          0          0          0         68   fpclassify.o

    ----------------------------------------------------------------------
      5880        234        216          0        100       3596   Library Totals
        12          0          0          0          4          0   (incl. Padding)

    ----------------------------------------------------------------------

      Code (inc. data)   RO Data    RW Data    ZI Data      Debug   Library Name

      4936        206        216          0         96       2800   c_w.l
       892         28          0          0          0        728   fz_ws.l
        40          0          0          0          0         68   m_ws.l

    ----------------------------------------------------------------------
      5880        234        216          0        100       3596   Library Totals

    ----------------------------------------------------------------------

==============================================================================


      Code (inc. data)   RO Data    RW Data    ZI Data      Debug   

     20212       1328        552       1256       3928     313811   Grand Totals
     20212       1328        552        856       3928     313811   ELF Image Totals (compressed)
     20212       1328        552        856          0          0   ROM Totals

==============================================================================

    Total RO  Size (Code + RO Data)                20764 (  20.28kB)
    Total RW  Size (RW Data + ZI Data)              5184 (   5.06kB)
    Total ROM Size (Code + RO Data + RW Data)      21620 (  21.11kB)

==============================================================================

